Archive member included to satisfy reference by file (symbol)

app/libapp.a(main.c.obj)      (--whole-archive)
zephyr/libzephyr.a(crc32_sw.c.obj)
                              (--whole-archive)
zephyr/libzephyr.a(crc16_sw.c.obj)
                              (--whole-archive)
zephyr/libzephyr.a(crc8_sw.c.obj)
                              (--whole-archive)
zephyr/libzephyr.a(crc7_sw.c.obj)
                              (--whole-archive)
zephyr/libzephyr.a(dec.c.obj)
                              (--whole-archive)
zephyr/libzephyr.a(fdtable.c.obj)
                              (--whole-archive)
zephyr/libzephyr.a(hex.c.obj)
                              (--whole-archive)
zephyr/libzephyr.a(mempool.c.obj)
                              (--whole-archive)
zephyr/libzephyr.a(notify.c.obj)
                              (--whole-archive)
zephyr/libzephyr.a(printk.c.obj)
                              (--whole-archive)
zephyr/libzephyr.a(onoff.c.obj)
                              (--whole-archive)
zephyr/libzephyr.a(rb.c.obj)  (--whole-archive)
zephyr/libzephyr.a(sem.c.obj)
                              (--whole-archive)
zephyr/libzephyr.a(thread_entry.c.obj)
                              (--whole-archive)
zephyr/libzephyr.a(timeutil.c.obj)
                              (--whole-archive)
zephyr/libzephyr.a(work_q.c.obj)
                              (--whole-archive)
zephyr/libzephyr.a(heap.c.obj)
                              (--whole-archive)
zephyr/libzephyr.a(heap-validate.c.obj)
                              (--whole-archive)
zephyr/libzephyr.a(prf.c.obj)
                              (--whole-archive)
zephyr/libzephyr.a(configs.c.obj)
                              (--whole-archive)
zephyr/libzephyr.a(soc.c.obj)
                              (--whole-archive)
zephyr/libzephyr.a(power.c.obj)
                              (--whole-archive)
zephyr/libzephyr.a(validate_base_addresses.c.obj)
                              (--whole-archive)
zephyr/libzephyr.a(validate_enabled_instances.c.obj)
                              (--whole-archive)
zephyr/libzephyr.a(log_list.c.obj)
                              (--whole-archive)
zephyr/libzephyr.a(log_core.c.obj)
                              (--whole-archive)
zephyr/libzephyr.a(log_msg.c.obj)
                              (--whole-archive)
zephyr/libzephyr.a(log_output.c.obj)
                              (--whole-archive)
zephyr/libzephyr.a(log_backend_uart.c.obj)
                              (--whole-archive)
zephyr/libzephyr.a(addr_utils.c.obj)
                              (--whole-archive)
zephyr/libzephyr.a(power.c.obj)
                              (--whole-archive)
zephyr/libzephyr.a(reboot.c.obj)
                              (--whole-archive)
zephyr/libzephyr.a(policy_residency.c.obj)
                              (--whole-archive)
zephyr/libzephyr.a(uart_console.c.obj)
                              (--whole-archive)
zephyr/libzephyr.a(clock_control_nrf.c.obj)
                              (--whole-archive)
zephyr/libzephyr.a(sys_clock_init.c.obj)
                              (--whole-archive)
zephyr/libzephyr.a(nrf_rtc_timer.c.obj)
                              (--whole-archive)
zephyr/libzephyr.a(utils.c.obj)
                              (--whole-archive)
zephyr/libzephyr.a(ecc_dh.c.obj)
                              (--whole-archive)
zephyr/libzephyr.a(ecc.c.obj)
                              (--whole-archive)
zephyr/libzephyr.a(aes_decrypt.c.obj)
                              (--whole-archive)
zephyr/libzephyr.a(aes_encrypt.c.obj)
                              (--whole-archive)
zephyr/arch/common/libarch__common.a(sw_isr_common.c.obj)
                              (--whole-archive)
zephyr/arch/arch/arm/core/aarch32/libarch__arm__core__aarch32.a(swap.c.obj)
                              (--whole-archive)
zephyr/arch/arch/arm/core/aarch32/libarch__arm__core__aarch32.a(swap_helper.S.obj)
                              (--whole-archive)
zephyr/arch/arch/arm/core/aarch32/libarch__arm__core__aarch32.a(irq_manage.c.obj)
                              (--whole-archive)
zephyr/arch/arch/arm/core/aarch32/libarch__arm__core__aarch32.a(thread.c.obj)
                              (--whole-archive)
zephyr/arch/arch/arm/core/aarch32/libarch__arm__core__aarch32.a(cpu_idle.S.obj)
                              (--whole-archive)
zephyr/arch/arch/arm/core/aarch32/libarch__arm__core__aarch32.a(fatal.c.obj)
                              (--whole-archive)
zephyr/arch/arch/arm/core/aarch32/libarch__arm__core__aarch32.a(nmi.c.obj)
                              (--whole-archive)
zephyr/arch/arch/arm/core/aarch32/libarch__arm__core__aarch32.a(nmi_on_reset.S.obj)
                              (--whole-archive)
zephyr/arch/arch/arm/core/aarch32/libarch__arm__core__aarch32.a(prep_c.c.obj)
                              (--whole-archive)
zephyr/arch/arch/arm/core/aarch32/libarch__arm__core__aarch32.a(isr_wrapper.S.obj)
                              (--whole-archive)
[...]
Memory Configuration

Name             Origin             Length             Attributes
FLASH            0x0000000001000000 0x0000000000040000 xr
SRAM             0x0000000021000000 0x0000000000010000 xw
IDT_LIST         0x0000000021010000 0x0000000000000800 xw
*default*        0x0000000000000000 0xffffffffffffffff

Linker script and memory map

LOAD zephyr/CMakeFiles/zephyr_final.dir/misc/empty_file.c.obj
LOAD zephyr/CMakeFiles/zephyr_final.dir/isr_tables.c.obj
                0x0000000000000020                _region_min_align = 0x20

.rel.plt        0x0000000001000000        0x0
 *(SORT_BY_ALIGNMENT(.rel.plt))
                [!provide]                        PROVIDE (__rel_iplt_start = .)
 *(SORT_BY_ALIGNMENT(.rel.iplt))
 .rel.iplt      0x0000000001000000        0x0 zephyr/CMakeFiles/zephyr_final.dir/isr_tables.c.obj
                [!provide]                        PROVIDE (__rel_iplt_end = .)

.rela.plt       0x0000000000000000        0x0
 *(SORT_BY_ALIGNMENT(.rela.plt))
                [!provide]                        PROVIDE (__rela_iplt_start = .)
 *(SORT_BY_ALIGNMENT(.rela.iplt))
                [!provide]                        PROVIDE (__rela_iplt_end = .)

.rel.dyn
 *(SORT_BY_ALIGNMENT(.rel.*))

.rela.dyn
 *(SORT_BY_ALIGNMENT(.rela.*))

/DISCARD/
 *(SORT_BY_ALIGNMENT(.plt))
 *(SORT_BY_ALIGNMENT(.iplt))
 *(SORT_BY_ALIGNMENT(.got.plt))
 *(SORT_BY_ALIGNMENT(.igot.plt))
 *(SORT_BY_ALIGNMENT(.got))
 *(SORT_BY_ALIGNMENT(.igot))
 *(SORT_BY_ALIGNMENT(.irq_info*))
 *(SORT_BY_ALIGNMENT(.intList*))
 *(SORT_BY_ALIGNMENT(.note.GNU-stack))
                0x0000000001000000                _image_rom_start = 0x1000000

rom_start       0x0000000001000000       0xb8
                0x0000000000000000                . = 0x0
                0x0000000000000000                . = ALIGN (0x4)
                0x0000000000000000                . = ALIGN (0x80)
                0x0000000000000000                . = ALIGN (0x100)
                0x0000000001000000                _vector_start = .
 *(SORT_BY_ALIGNMENT(.exc_vector_table))
 *(SORT_BY_ALIGNMENT(.exc_vector_table.*))
 .exc_vector_table._vector_table_section
                0x0000000001000000       0x40 zephyr/arch/arch/arm/core/aarch32/cortex_m/libarch__arm__core__aarch32__cortex_m.a(vector_table.S.obj)
                0x0000000001000000                _vector_table
 *(SORT_BY_ALIGNMENT(.gnu.linkonce.irq_vector_table*))
 .gnu.linkonce.irq_vector_table*
                0x0000000001000040       0x78 zephyr/CMakeFiles/zephyr_final.dir/isr_tables.c.obj
                0x0000000001000040                _irq_vector_table
 *(SORT_BY_ALIGNMENT(.vectors))
                0x00000000010000b8                _vector_end = .
 *(SORT_BY_ALIGNMENT(.openocd_dbg))
 *(SORT_BY_ALIGNMENT(.openocd_dbg.*))

text            0x00000000010000b8    0x27dde
                0x00000000010000b8                _image_text_start = .
 *(SORT_BY_ALIGNMENT(.text))
 .text          0x00000000010000b8       0x30 /home/devan/gnuarmemb/bin/../lib/gcc/arm-none-eabi/9.3.1/thumb/v8-m.main/nofp/libgcc.a(_aeabi_uldivmod.o)
                0x00000000010000b8                __aeabi_uldivmod
 .text          0x00000000010000e8      0x2f0 /home/devan/gnuarmemb/bin/../lib/gcc/arm-none-eabi/9.3.1/thumb/v8-m.main/nofp/libgcc.a(_udivmoddi4.o)
                0x00000000010000e8                __udivmoddi4
 .text          0x00000000010003d8        0x4 /home/devan/gnuarmemb/bin/../lib/gcc/arm-none-eabi/9.3.1/thumb/v8-m.main/nofp/libgcc.a(_dvmd_tls.o)
                0x00000000010003d8                __aeabi_ldiv0
                0x00000000010003d8                __aeabi_idiv0
 .text          0x00000000010003dc       0x1c /home/devan/Documents/ncs/nrfxlib/mpsl/lib/cortex-m33+nodsp/soft-float/libmpsl.a(libmpsl_debug_soft__obfuscated.elf)
                0x00000000010003dc                sym_QLJBNB55XHXGY3EZ4W3ZZ3U6AVPE2YGDOXRUZSQ
 .text          0x00000000010003f8       0x30 /home/devan/Documents/ncs/nrfxlib/mpsl/lib/cortex-m33+nodsp/soft-float/libmpsl.a(libmpsl_debug_soft__obfuscated.elf)
                0x00000000010003f8                sym_QV6CME4HLWJA6KQZ7HE7ECNT7UGKOYHKNHH6E7I
 .text          0x0000000001000428        0xc /home/devan/Documents/ncs/nrfxlib/mpsl/lib/cortex-m33+nodsp/soft-float/libmpsl.a(libmpsl_debug_soft__obfuscated.elf)
                0x0000000001000428                sym_SKFSQME5SGNPYLL7B75KY7PHXFYWSRI2HSTT45A
 .text          0x0000000001000434       0x18 /home/devan/Documents/ncs/nrfxlib/mpsl/lib/cortex-m33+nodsp/soft-float/libmpsl.a(libmpsl_debug_soft__obfuscated.elf)
                0x0000000001000434                sym_4RNEPYYQOFM4LAOGLN2TB27X7L3XBISTGAWYOHQ
 .text          0x000000000100044c       0x94 /home/devan/Documents/ncs/nrfxlib/mpsl/lib/cortex-m33+nodsp/soft-float/libmpsl.a(libmpsl_debug_soft__obfuscated.elf)
                0x000000000100044c                sym_ZC6NJBPUISWILQK6OTOBMJVVUT63JRIDGH5WNCY
 .text          0x00000000010004e0       0x6c /home/devan/Documents/ncs/nrfxlib/mpsl/lib/cortex-m33+nodsp/soft-float/libmpsl.a(libmpsl_debug_soft__obfuscated.elf)
 .text          0x000000000100054c      0x104 /home/devan/Documents/ncs/nrfxlib/mpsl/lib/cortex-m33+nodsp/soft-float/libmpsl.a(libmpsl_debug_soft__obfuscated.elf)
 .text          0x0000000001000650      0x214 /home/devan/Documents/ncs/nrfxlib/mpsl/lib/cortex-m33+nodsp/soft-float/libmpsl.a(libmpsl_debug_soft__obfuscated.elf)
 .text          0x0000000001000864       0xf8 /home/devan/Documents/ncs/nrfxlib/mpsl/lib/cortex-m33+nodsp/soft-float/libmpsl.a(libmpsl_debug_soft__obfuscated.elf)
 .text          0x000000000100095c       0xe4 /home/devan/Documents/ncs/nrfxlib/mpsl/lib/cortex-m33+nodsp/soft-float/libmpsl.a(libmpsl_debug_soft__obfuscated.elf)
 .text          0x0000000001000a40       0xc0 /home/devan/Documents/ncs/nrfxlib/mpsl/lib/cortex-m33+nodsp/soft-float/libmpsl.a(libmpsl_debug_soft__obfuscated.elf)
 .text          0x0000000001000b00       0x78 /home/devan/Documents/ncs/nrfxlib/mpsl/lib/cortex-m33+nodsp/soft-float/libmpsl.a(libmpsl_debug_soft__obfuscated.elf)
 .text          0x0000000001000b78      0x6e8 /home/devan/Documents/ncs/nrfxlib/mpsl/lib/cortex-m33+nodsp/soft-float/libmpsl.a(libmpsl_debug_soft__obfuscated.elf)
 .text          0x0000000001001260      0x128 /home/devan/Documents/ncs/nrfxlib/mpsl/lib/cortex-m33+nodsp/soft-float/libmpsl.a(libmpsl_debug_soft__obfuscated.elf)
 .text          0x0000000001001388       0x30 /home/devan/Documents/ncs/nrfxlib/mpsl/lib/cortex-m33+nodsp/soft-float/libmpsl.a(libmpsl_debug_soft__obfuscated.elf)
                0x0000000001001388                sym_4FXF7BZT2IZ3YRYSE3Z2XCICKWZPGDZTXL2ECZQ
 .text          0x00000000010013b8      0x29c /home/devan/Documents/ncs/nrfxlib/mpsl/lib/cortex-m33+nodsp/soft-float/libmpsl.a(libmpsl_debug_soft__obfuscated.elf)
                0x00000000010013b8                sym_SFR5TVV24PZRIRC5QGOHL2X436PUHKRY2QWKP5Y
 .text          0x0000000001001654       0x50 /home/devan/Documents/ncs/nrfxlib/mpsl/lib/cortex-m33+nodsp/soft-float/libmpsl.a(libmpsl_debug_soft__obfuscated.elf)
                0x0000000001001654                sym_RPHL2J7CVNKM6GKLDIFI4NVAPZE2FHTYW4VJSJI
 .text          0x00000000010016a4       0x14 /home/devan/Documents/ncs/nrfxlib/mpsl/lib/cortex-m33+nodsp/soft-float/libmpsl.a(libmpsl_debug_soft__obfuscated.elf)
                0x00000000010016a4                sym_MGCUANL7Q2CUPWKYBFLWSWSNXIEEYBPZTHT2VZI
 .text          0x00000000010016b8       0x50 /home/devan/Documents/ncs/nrfxlib/mpsl/lib/cortex-m33+nodsp/soft-float/libmpsl.a(libmpsl_debug_soft__obfuscated.elf)
                0x00000000010016b8                sym_CFZK3G6ZC4ONUAYO2UALWQ4CBO7A6ADNAS2FS7Y
 .text          0x0000000001001708       0x10 /home/devan/Documents/ncs/nrfxlib/mpsl/lib/cortex-m33+nodsp/soft-float/libmpsl.a(libmpsl_debug_soft__obfuscated.elf)
                0x0000000001001708                sym_KN3Y3AMHXOHKS2EMALWM5VNLRDL2MPKHIP6XPDA
 .text          0x0000000001001718       0x78 /home/devan/Documents/ncs/nrfxlib/mpsl/lib/cortex-m33+nodsp/soft-float/libmpsl.a(libmpsl_debug_soft__obfuscated.elf)
                0x0000000001001718                sym_2O2USXABBLL6KC7E5NJFOHR6JLZMSV4AU5ZYH3Q
 .text          0x0000000001001790      0x2b4 /home/devan/Documents/ncs/nrfxlib/mpsl/lib/cortex-m33+nodsp/soft-float/libmpsl.a(libmpsl_debug_soft__obfuscated.elf)
                0x0000000001001790                sym_CVH6S6LMSFPC2RM6I6LYWFRVOJUD3A6OCMG7AAI
 .text          0x0000000001001a44      0x6a4 /home/devan/Documents/ncs/nrfxlib/mpsl/lib/cortex-m33+nodsp/soft-float/libmpsl.a(libmpsl_debug_soft__obfuscated.elf)
                0x0000000001001a44                sym_NFDFVOR5BUFND4TNTGYIYR4ARXJRXWSQ4PVFUKY
 .text          0x00000000010020e8      0x2ac /home/devan/Documents/ncs/nrfxlib/mpsl/lib/cortex-m33+nodsp/soft-float/libmpsl.a(libmpsl_debug_soft__obfuscated.elf)
                0x00000000010020e8                sym_R4Y3KWNYX4PGGLE5X2L7DXMWMJUY3DOXD7LSUKY
 .text          0x0000000001002394        0x8 /home/devan/Documents/ncs/nrfxlib/mpsl/lib/cortex-m33+nodsp/soft-float/libmpsl.a(libmpsl_debug_soft__obfuscated.elf)
                0x0000000001002394                sym_AQI4OLZLNAFMKTQHPKXO3EVYHTLAOB676ZYU7WY
 .text          0x000000000100239c        0xc /home/devan/Documents/ncs/nrfxlib/mpsl/lib/cortex-m33+nodsp/soft-float/libmpsl.a(libmpsl_debug_soft__obfuscated.elf)
                0x000000000100239c                sym_VJEK4XS7F73UVK3OKMWLYLJEHOD3EB5MY72V6OQ
 .text          0x00000000010023a8      0x318 /home/devan/Documents/ncs/nrfxlib/mpsl/lib/cortex-m33+nodsp/soft-float/libmpsl.a(libmpsl_debug_soft__obfuscated.elf)
                0x00000000010023a8                sym_J5F7QGRFPKMLWRNSXZXS5YI7BM4DUTISCOASCOA
 .text          0x00000000010026c0       0x3c /home/devan/Documents/ncs/nrfxlib/mpsl/lib/cortex-m33+nodsp/soft-float/libmpsl.a(libmpsl_debug_soft__obfuscated.elf)
                0x00000000010026c0                sym_UY2NI5OOASY6266A2A7GY3XEUA5M2CDE2WTVEIY
 .text          0x00000000010026fc       0xe0 /home/devan/Documents/ncs/nrfxlib/mpsl/lib/cortex-m33+nodsp/soft-float/libmpsl.a(libmpsl_debug_soft__obfuscated.elf)
                0x00000000010026fc                sym_URFU24FFGR2HYB6CCPIPKPNZNMTWHKDYOATUJNY
 .text          0x00000000010027dc       0x54 /home/devan/Documents/ncs/nrfxlib/mpsl/lib/cortex-m33+nodsp/soft-float/libmpsl.a(libmpsl_debug_soft__obfuscated.elf)
                0x00000000010027dc                sym_VDVM4QLBTRUPEGCBUXIK25LH2KVQWBZXHRBYEFY
 .text          0x0000000001002830       0x1c /home/devan/Documents/ncs/nrfxlib/mpsl/lib/cortex-m33+nodsp/soft-float/libmpsl.a(libmpsl_debug_soft__obfuscated.elf)
                0x0000000001002830                sym_VEWW3RW4OAPPUFDQOJ7JRKBAAFEHR5NLTH3O5OQ
 .text          0x000000000100284c       0x4c /home/devan/Documents/ncs/nrfxlib/mpsl/lib/cortex-m33+nodsp/soft-float/libmpsl.a(libmpsl_debug_soft__obfuscated.elf)
                0x000000000100284c                sym_KRIFY7ONBBSU6QHFDWYLN5WQPGGEBIZW5444PSQ
 .text          0x0000000001002898        0x4 /home/devan/Documents/ncs/nrfxlib/mpsl/lib/cortex-m33+nodsp/soft-float/libmpsl.a(libmpsl_debug_soft__obfuscated.elf)
                0x0000000001002898                sym_HAHEAVDZUSPPA6H5H73M6WNIYXBR6WNMIDQIM7Q
 .text          0x000000000100289c      0x1ac /home/devan/Documents/ncs/nrfxlib/mpsl/lib/cortex-m33+nodsp/soft-float/libmpsl.a(libmpsl_debug_soft__obfuscated.elf)
                0x000000000100289c                sym_QWOE5H22ZADGJX5JSROW7BOI32Z6PPEEJCISNOQ
 .text          0x0000000001002a48      0x2d8 /home/devan/Documents/ncs/nrfxlib/mpsl/lib/cortex-m33+nodsp/soft-float/libmpsl.a(libmpsl_debug_soft__obfuscated.elf)
                0x0000000001002a48                sym_DQFOGVCNU4NTOMWSL3IYDNCMIXT2LT7SZHL5IHI
 .text          0x0000000001002d20       0xc4 /home/devan/Documents/ncs/nrfxlib/mpsl/lib/cortex-m33+nodsp/soft-float/libmpsl.a(libmpsl_debug_soft__obfuscated.elf)
                0x0000000001002d20                sym_3SK52U5TD4ACVVYKWS6UI6ZPWKSLV6BW5IGCPJI
 .text          0x0000000001002de4      0x184 /home/devan/Documents/ncs/nrfxlib/mpsl/lib/cortex-m33+nodsp/soft-float/libmpsl.a(libmpsl_debug_soft__obfuscated.elf)
                0x0000000001002de4                sym_2ZDZA75WOMRNSQ6XL7IZWAQKYFFSRJOGBGKPTIQ
 .text          0x0000000001002f68       0xd4 /home/devan/Documents/ncs/nrfxlib/mpsl/lib/cortex-m33+nodsp/soft-float/libmpsl.a(libmpsl_debug_soft__obfuscated.elf)
                0x0000000001002f68                sym_UGOJA475OXR5HR5WFINUK27HP5BRGNWCZXQLKDI
 .text          0x000000000100303c      0x114 /home/devan/Documents/ncs/nrfxlib/mpsl/lib/cortex-m33+nodsp/soft-float/libmpsl.a(libmpsl_debug_soft__obfuscated.elf)
                0x000000000100303c                sym_QUBGY7RMPG7R5F6DVNURH4AVGDAWMK46YXU4DRA
 .text          0x0000000001003150        0xc /home/devan/Documents/ncs/nrfxlib/mpsl/lib/cortex-m33+nodsp/soft-float/libmpsl.a(libmpsl_debug_soft__obfuscated.elf)
                0x0000000001003150                sym_RUQO26WM5KVVEW7O3OHCXPO7LLLXRBDPIPSWIWY
 .text          0x000000000100315c        0xc /home/devan/Documents/ncs/nrfxlib/mpsl/lib/cortex-m33+nodsp/soft-float/libmpsl.a(libmpsl_debug_soft__obfuscated.elf)
                0x000000000100315c                sym_M4DIQOXJAE3BNHQBIUCZXAABSM24CWUEJOCU7DY
 .text          0x0000000001003168      0x164 /home/devan/Documents/ncs/nrfxlib/mpsl/lib/cortex-m33+nodsp/soft-float/libmpsl.a(libmpsl_debug_soft__obfuscated.elf)
                0x0000000001003168                sym_X2K67YH6UCW6TFK6NTLPZZFGWYHTTPZYK5PXHNQ
 .text          0x00000000010032cc       0x40 /home/devan/Documents/ncs/nrfxlib/mpsl/lib/cortex-m33+nodsp/soft-float/libmpsl.a(libmpsl_debug_soft__obfuscated.elf)
                0x00000000010032cc                sym_CQWZ455IMTLTPY5LEEZHXHRRNX223B3HTDD45HA
 .text          0x000000000100330c      0x110 /home/devan/Documents/ncs/nrfxlib/mpsl/lib/cortex-m33+nodsp/soft-float/libmpsl.a(libmpsl_debug_soft__obfuscated.elf)
                0x000000000100330c                sym_TSYEIN5CZPQE3YK6VECZD5C2M4LMXKKH6O7LNAY
 .text          0x000000000100341c       0x94 /home/devan/Documents/ncs/nrfxlib/mpsl/lib/cortex-m33+nodsp/soft-float/libmpsl.a(libmpsl_debug_soft__obfuscated.elf)
                0x000000000100341c                sym_OLTN5HGCU3P74AJAQRGNYBUXASUKWF3RI2Q3H5Q
 .text          0x00000000010034b0       0x28 /home/devan/Documents/ncs/nrfxlib/mpsl/lib/cortex-m33+nodsp/soft-float/libmpsl.a(libmpsl_debug_soft__obfuscated.elf)
                0x00000000010034b0                sym_CPXNCG66C5WXYS4GOKTR2JEIS45ZVRZUCBYX34I
 .text          0x00000000010034d8       0x1c /home/devan/Documents/ncs/nrfxlib/mpsl/lib/cortex-m33+nodsp/soft-float/libmpsl.a(libmpsl_debug_soft__obfuscated.elf)
                0x00000000010034d8                sym_2VDVUOTV276POQPJRTHRUH2MRDLS4UTGJOVIRQY
 .text          0x00000000010034f4       0x50 /home/devan/Documents/ncs/nrfxlib/mpsl/lib/cortex-m33+nodsp/soft-float/libmpsl.a(libmpsl_debug_soft__obfuscated.elf)
                0x00000000010034f4                sym_AO7IDJTBMFZUQLFLRLEUMHZWK5ISLDQ2UN56FCI
 .text          0x0000000001003544       0x9c /home/devan/Documents/ncs/nrfxlib/mpsl/lib/cortex-m33+nodsp/soft-float/libmpsl.a(libmpsl_debug_soft__obfuscated.elf)
                0x0000000001003544                MPSL_IRQ_RTC0_Handler
 .text          0x00000000010035e0      0x194 /home/devan/Documents/ncs/nrfxlib/mpsl/lib/cortex-m33+nodsp/soft-float/libmpsl.a(libmpsl_debug_soft__obfuscated.elf)
                0x00000000010035e0                MPSL_IRQ_TIMER0_Handler
 .text          0x0000000001003774        0x4 /home/devan/Documents/ncs/nrfxlib/mpsl/lib/cortex-m33+nodsp/soft-float/libmpsl.a(libmpsl_debug_soft__obfuscated.elf)
                0x0000000001003774                MPSL_IRQ_RADIO_Handler
 .text          0x0000000001003778       0x1c /home/devan/Documents/ncs/nrfxlib/mpsl/lib/cortex-m33+nodsp/soft-float/libmpsl.a(libmpsl_debug_soft__obfuscated.elf)
 .text          0x0000000001003794       0x48 /home/devan/Documents/ncs/nrfxlib/mpsl/lib/cortex-m33+nodsp/soft-float/libmpsl.a(libmpsl_debug_soft__obfuscated.elf)
                0x0000000001003794                sym_XEJLNUQGS5P4R5IXDJFF6NE6C2FZWRZYDQOGMPI
 .text          0x00000000010037dc        0xc /home/devan/Documents/ncs/nrfxlib/mpsl/lib/cortex-m33+nodsp/soft-float/libmpsl.a(libmpsl_debug_soft__obfuscated.elf)
                0x00000000010037dc                sym_ETIE3PCEXQYLK2GIVZENQ6V7PLBRV57MB7BDMNY
 .text          0x00000000010037e8       0x28 /home/devan/Documents/ncs/nrfxlib/mpsl/lib/cortex-m33+nodsp/soft-float/libmpsl.a(libmpsl_debug_soft__obfuscated.elf)
                0x00000000010037e8                sym_PEUB6CZG5CWXXD4M2S6OVBXZGDFOG4XII7USUDQ
 .text          0x0000000001003810       0x38 /home/devan/Documents/ncs/nrfxlib/mpsl/lib/cortex-m33+nodsp/soft-float/libmpsl.a(libmpsl_debug_soft__obfuscated.elf)
                0x0000000001003810                mpsl_clock_hfclk_request
 .text          0x0000000001003848      0x180 /home/devan/Documents/ncs/nrfxlib/mpsl/lib/cortex-m33+nodsp/soft-float/libmpsl.a(libmpsl_debug_soft__obfuscated.elf)
                0x0000000001003848                sym_FYHKZOVAJN6VDDHY43FT7PF4YLRDHWRTEWHFG6I
 .text          0x00000000010039c8       0x38 /home/devan/Documents/ncs/nrfxlib/mpsl/lib/cortex-m33+nodsp/soft-float/libmpsl.a(libmpsl_debug_soft__obfuscated.elf)
 .text          0x0000000001003a00       0x50 /home/devan/Documents/ncs/nrfxlib/mpsl/lib/cortex-m33+nodsp/soft-float/libmpsl.a(libmpsl_debug_soft__obfuscated.elf)
 .text          0x0000000001003a50       0x38 /home/devan/Documents/ncs/nrfxlib/mpsl/lib/cortex-m33+nodsp/soft-float/libmpsl.a(libmpsl_debug_soft__obfuscated.elf)
                0x0000000001003a50                sym_AF5XKA2WT4DMFZTLKHOBWE7E2EZAMLDDFPQGGTQ
 .text          0x0000000001003a88       0x1c /home/devan/Documents/ncs/nrfxlib/mpsl/lib/cortex-m33+nodsp/soft-float/libmpsl.a(libmpsl_debug_soft__obfuscated.elf)
                0x0000000001003a88                mpsl_clock_hfclk_release
 .text          0x0000000001003aa4       0x1c /home/devan/Documents/ncs/nrfxlib/mpsl/lib/cortex-m33+nodsp/soft-float/libmpsl.a(libmpsl_debug_soft__obfuscated.elf)
                0x0000000001003aa4                sym_MXEZOAVPP5LXUOZ6LJGDWJ57JEG5BZ5YB7LCG7Y
 .text          0x0000000001003ac0       0x3c /home/devan/Documents/ncs/nrfxlib/mpsl/lib/cortex-m33+nodsp/soft-float/libmpsl.a(libmpsl_debug_soft__obfuscated.elf)
                0x0000000001003ac0                sym_UZOVMIXHY2SDZSVAWFRK4RKQPHXNS37P2CLQ57A
 .text          0x0000000001003afc       0x10 /home/devan/Documents/ncs/nrfxlib/mpsl/lib/cortex-m33+nodsp/soft-float/libmpsl.a(libmpsl_debug_soft__obfuscated.elf)
                0x0000000001003afc                sym_4CZSFTTT34WDYFZKE2NSCSVSYLPHLZYN7QUTGHY
 .text          0x0000000001003b0c       0x98 /home/devan/Documents/ncs/nrfxlib/mpsl/lib/cortex-m33+nodsp/soft-float/libmpsl.a(libmpsl_debug_soft__obfuscated.elf)
                0x0000000001003b0c                MPSL_IRQ_CLOCK_Handler
 .text          0x0000000001003ba4       0x50 /home/devan/Documents/ncs/nrfxlib/mpsl/lib/cortex-m33+nodsp/soft-float/libmpsl.a(libmpsl_debug_soft__obfuscated.elf)
                0x0000000001003ba4                sym_A4JUKJUCTJV55V2WD6TXU63VO5GAMB4XA4EE56Q
 .text          0x0000000001003bf4       0x10 /home/devan/Documents/ncs/nrfxlib/mpsl/lib/cortex-m33+nodsp/soft-float/libmpsl.a(libmpsl_debug_soft__obfuscated.elf)
                0x0000000001003bf4                sym_UG7CMBAYEZEKSKQK753P4TBTSPUXVRWUS6QJJOA
 .text          0x0000000001003c04        0xc /home/devan/Documents/ncs/nrfxlib/mpsl/lib/cortex-m33+nodsp/soft-float/libmpsl.a(libmpsl_debug_soft__obfuscated.elf)
                0x0000000001003c04                sym_IFJHPQV3B4EIN6OIUP3LZSPJBF5HLX2VYD323GA
 .text          0x0000000001003c10       0x20 /home/devan/Documents/ncs/nrfxlib/mpsl/lib/cortex-m33+nodsp/soft-float/libmpsl.a(libmpsl_debug_soft__obfuscated.elf)
                0x0000000001003c10                sym_XK3TMLCZALCYYWGULGHQIRSOBMPIIPJ7HEMOZIQ
 .text          0x0000000001003c30        0xc /home/devan/Documents/ncs/nrfxlib/mpsl/lib/cortex-m33+nodsp/soft-float/libmpsl.a(libmpsl_debug_soft__obfuscated.elf)
                0x0000000001003c30                sym_PIRI3CTIHOPR5MPDQRHBJRRZEA2NVOD4J3GXGOA
 .text          0x0000000001003c3c       0x1c /home/devan/Documents/ncs/nrfxlib/mpsl/lib/cortex-m33+nodsp/soft-float/libmpsl.a(libmpsl_debug_soft__obfuscated.elf)
                0x0000000001003c3c                sym_LIY23QT3GHIV7NCGJ6ZW6LB2ZUSI56CIFCL6HUY
 .text          0x0000000001003c58       0x10 /home/devan/Documents/ncs/nrfxlib/mpsl/lib/cortex-m33+nodsp/soft-float/libmpsl.a(libmpsl_debug_soft__obfuscated.elf)
                0x0000000001003c58                sym_TIWHB6UQGI33JQCQDL7C2BRAEXCRAFYENVN6QEI
 .text          0x0000000001003c68       0x10 /home/devan/Documents/ncs/nrfxlib/mpsl/lib/cortex-m33+nodsp/soft-float/libmpsl.a(libmpsl_debug_soft__obfuscated.elf)
                0x0000000001003c68                sym_AL7FCNVVCF72BNYCTLA5UGAWCQFXFPGE2ULTWOA
 .text          0x0000000001003c78       0x10 /home/devan/Documents/ncs/nrfxlib/mpsl/lib/cortex-m33+nodsp/soft-float/libmpsl.a(libmpsl_debug_soft__obfuscated.elf)
                0x0000000001003c78                sym_7BUNPUBNWNFVXXIMNFFNK765OVON5LBIUZ66QRI
 .text          0x0000000001003c88       0x28 /home/devan/Documents/ncs/nrfxlib/mpsl/lib/cortex-m33+nodsp/soft-float/libmpsl.a(libmpsl_debug_soft__obfuscated.elf)
                0x0000000001003c88                sym_LZEJCP3HZIBKMJQC47UQXAHGCQ52QF47EXOH2WA
 .text          0x0000000001003cb0       0x14 /home/devan/Documents/ncs/nrfxlib/mpsl/lib/cortex-m33+nodsp/soft-float/libmpsl.a(libmpsl_debug_soft__obfuscated.elf)
 .text          0x0000000001003cc4       0x20 /home/devan/Documents/ncs/nrfxlib/mpsl/lib/cortex-m33+nodsp/soft-float/libmpsl.a(libmpsl_debug_soft__obfuscated.elf)
 .text          0x0000000001003ce4       0x34 /home/devan/Documents/ncs/nrfxlib/mpsl/lib/cortex-m33+nodsp/soft-float/libmpsl.a(libmpsl_debug_soft__obfuscated.elf)
 .text          0x0000000001003d18       0x48 /home/devan/Documents/ncs/nrfxlib/mpsl/lib/cortex-m33+nodsp/soft-float/libmpsl.a(libmpsl_debug_soft__obfuscated.elf)
 .text          0x0000000001003d60       0x24 /home/devan/Documents/ncs/nrfxlib/mpsl/lib/cortex-m33+nodsp/soft-float/libmpsl.a(libmpsl_debug_soft__obfuscated.elf)
 .text          0x0000000001003d84       0xfc /home/devan/Documents/ncs/nrfxlib/mpsl/lib/cortex-m33+nodsp/soft-float/libmpsl.a(libmpsl_debug_soft__obfuscated.elf)
 .text          0x0000000001003e80        0xc /home/devan/Documents/ncs/nrfxlib/mpsl/lib/cortex-m33+nodsp/soft-float/libmpsl.a(libmpsl_debug_soft__obfuscated.elf)
                0x0000000001003e80                sym_JNBYD5ZJ5MPK62ZKHKS33GEXMN2T7JK3PFE544A
 .text          0x0000000001003e8c      0x108 /home/devan/Documents/ncs/nrfxlib/mpsl/lib/cortex-m33+nodsp/soft-float/libmpsl.a(libmpsl_debug_soft__obfuscated.elf)
                0x0000000001003e8c                sym_SMM7FXAGNH5CGLSU6FKRBG24XS3XTMWJCOJFD6Q
 .text          0x0000000001003f94       0x30 /home/devan/Documents/ncs/nrfxlib/mpsl/lib/cortex-m33+nodsp/soft-float/libmpsl.a(libmpsl_debug_soft__obfuscated.elf)
 .text          0x0000000001003fc4      0x1fc /home/devan/Documents/ncs/nrfxlib/mpsl/lib/cortex-m33+nodsp/soft-float/libmpsl.a(libmpsl_debug_soft__obfuscated.elf)
 .text          0x00000000010041c0       0x6c /home/devan/Documents/ncs/nrfxlib/mpsl/lib/cortex-m33+nodsp/soft-float/libmpsl.a(libmpsl_debug_soft__obfuscated.elf)
                0x00000000010041c0                mpsl_init
 .text          0x000000000100422c       0x10 /home/devan/Documents/ncs/nrfxlib/mpsl/lib/cortex-m33+nodsp/soft-float/libmpsl.a(libmpsl_debug_soft__obfuscated.elf)
                0x000000000100422c                sym_S2UAPMFVIQXDUOA6CV7GJMB33TYHEUH5D6LHO5Q
 .text          0x000000000100423c       0x28 /home/devan/Documents/ncs/nrfxlib/mpsl/lib/cortex-m33+nodsp/soft-float/libmpsl.a(libmpsl_debug_soft__obfuscated.elf)
                0x000000000100423c                sym_XR32KBBIVYD5OVRJM2RBQ57EGCCM2C3F5IY6OHQ
 .text          0x0000000001004264        0xc /home/devan/Documents/ncs/nrfxlib/mpsl/lib/cortex-m33+nodsp/soft-float/libmpsl.a(libmpsl_debug_soft__obfuscated.elf)
                0x0000000001004264                mpsl_is_initialized
 .text          0x0000000001004270       0x7c /home/devan/Documents/ncs/nrfxlib/mpsl/lib/cortex-m33+nodsp/soft-float/libmpsl.a(libmpsl_debug_soft__obfuscated.elf)
                0x0000000001004270                mpsl_temperature_get
 .text          0x00000000010042ec       0x40 /home/devan/Documents/ncs/nrfxlib/mpsl/lib/cortex-m33+nodsp/soft-float/libmpsl.a(libmpsl_debug_soft__obfuscated.elf)
                0x00000000010042ec                sym_W7ROFHNOSDKPIRUKDGIZZ5YR3MC3DAM2YLJOUIA
 .text          0x000000000100432c       0x44 /home/devan/Documents/ncs/nrfxlib/mpsl/lib/cortex-m33+nodsp/soft-float/libmpsl.a(libmpsl_debug_soft__obfuscated.elf)
                0x000000000100432c                sym_GURZ3AH6X65RGSKYMYNWZVP6HM56LA5MRAQWT6Q
 .text          0x0000000001004370       0x50 /home/devan/Documents/ncs/nrfxlib/mpsl/lib/cortex-m33+nodsp/soft-float/libmpsl.a(libmpsl_debug_soft__obfuscated.elf)
                0x0000000001004370                sym_VWGRUQT3LYZHLYS5KJ7UOCJEHLDJTWH4RVJBGKQ
 .text          0x00000000010043c0        0x8 /home/devan/Documents/ncs/nrfxlib/mpsl/lib/cortex-m33+nodsp/soft-float/libmpsl.a(libmpsl_debug_soft__obfuscated.elf)
                0x00000000010043c0                sym_4WL3TG4Q7RCTFEMPQ2CQTOL4PAKUULDPJUM5DTY
 .text          0x00000000010043c8       0x40 /home/devan/Documents/ncs/nrfxlib/mpsl/lib/cortex-m33+nodsp/soft-float/libmpsl.a(libmpsl_debug_soft__obfuscated.elf)
 .text          0x0000000001004408       0x54 /home/devan/Documents/ncs/nrfxlib/mpsl/lib/cortex-m33+nodsp/soft-float/libmpsl.a(libmpsl_debug_soft__obfuscated.elf)
                0x0000000001004408                sym_GNQQQFEWM5SWEGVB5JHP7HYAZGI4CDQXSGHR4SQ
 .text          0x000000000100445c       0x38 /home/devan/Documents/ncs/nrfxlib/mpsl/lib/cortex-m33+nodsp/soft-float/libmpsl.a(libmpsl_debug_soft__obfuscated.elf)
                0x000000000100445c                sym_H2AKPOL4Q6GKGQJVBUBWLPO3RBNKXXQE2HSOELQ
 .text          0x0000000001004494       0x28 /home/devan/Documents/ncs/nrfxlib/mpsl/lib/cortex-m33+nodsp/soft-float/libmpsl.a(libmpsl_debug_soft__obfuscated.elf)
                0x0000000001004494                sym_24DWUIEE2POS3GYSEVA4IAL4G7TGCCCJXT6D5AA
 .text          0x00000000010044bc       0x20 /home/devan/Documents/ncs/nrfxlib/mpsl/lib/cortex-m33+nodsp/soft-float/libmpsl.a(libmpsl_debug_soft__obfuscated.elf)
                0x00000000010044bc                sym_65YCAVBDKPZHZGRZXNQZCLS62UDJXZDBEFWVSII
 .text          0x00000000010044dc       0x20 /home/devan/Documents/ncs/nrfxlib/mpsl/lib/cortex-m33+nodsp/soft-float/libmpsl.a(libmpsl_debug_soft__obfuscated.elf)
                0x00000000010044dc                sym_UCUZCD3IIQBIFBTQEAMBH3ROVF42G3OC6HCQXWQ
 .text          0x00000000010044fc       0x84 /home/devan/Documents/ncs/nrfxlib/softdevice_controller/lib/cortex-m33+nodsp/soft-float/libsoftdevice_controller_s140.a(libsoftdevice_controller_s140_debug_soft__obfuscated.elf)
 .text          0x0000000001004580       0x34 /home/devan/Documents/ncs/nrfxlib/softdevice_controller/lib/cortex-m33+nodsp/soft-float/libsoftdevice_controller_s140.a(libsoftdevice_controller_s140_debug_soft__obfuscated.elf)
                0x0000000001004580                sym_476LRB5XNUARAHCHHC7ZAIGPFC5VZ4W2N4467LI
 .text          0x00000000010045b4       0x64 /home/devan/Documents/ncs/nrfxlib/softdevice_controller/lib/cortex-m33+nodsp/soft-float/libsoftdevice_controller_s140.a(libsoftdevice_controller_s140_debug_soft__obfuscated.elf)
 .text          0x0000000001004618       0x8c /home/devan/Documents/ncs/nrfxlib/softdevice_controller/lib/cortex-m33+nodsp/soft-float/libsoftdevice_controller_s140.a(libsoftdevice_controller_s140_debug_soft__obfuscated.elf)
                0x0000000001004618                sdc_init
 .text          0x00000000010046a4       0x58 /home/devan/Documents/ncs/nrfxlib/softdevice_controller/lib/cortex-m33+nodsp/soft-float/libsoftdevice_controller_s140.a(libsoftdevice_controller_s140_debug_soft__obfuscated.elf)
                0x00000000010046a4                sdc_cfg_set
 .text          0x00000000010046fc       0x40 /home/devan/Documents/ncs/nrfxlib/softdevice_controller/lib/cortex-m33+nodsp/soft-float/libsoftdevice_controller_s140.a(libsoftdevice_controller_s140_debug_soft__obfuscated.elf)
                0x00000000010046fc                sdc_enable
 .text          0x000000000100473c       0x24 /home/devan/Documents/ncs/nrfxlib/softdevice_controller/lib/cortex-m33+nodsp/soft-float/libsoftdevice_controller_s140.a(libsoftdevice_controller_s140_debug_soft__obfuscated.elf)
                0x000000000100473c                sdc_build_revision_get
 .text          0x0000000001004760       0x50 /home/devan/Documents/ncs/nrfxlib/softdevice_controller/lib/cortex-m33+nodsp/soft-float/libsoftdevice_controller_s140.a(libsoftdevice_controller_s140_debug_soft__obfuscated.elf)
                0x0000000001004760                sym_MEYOCD6AYGN6BYYH5M35H6GLLMHM6TYBBTCW2LI
 .text          0x00000000010047b0        0xc /home/devan/Documents/ncs/nrfxlib/softdevice_controller/lib/cortex-m33+nodsp/soft-float/libsoftdevice_controller_s140.a(libsoftdevice_controller_s140_debug_soft__obfuscated.elf)
                0x00000000010047b0                sym_Q4MVB6BAYYKAN3YZ2SZEJW6V5OITCIHY2IOHXKY
 .text          0x00000000010047bc       0x8c /home/devan/Documents/ncs/nrfxlib/softdevice_controller/lib/cortex-m33+nodsp/soft-float/libsoftdevice_controller_s140.a(libsoftdevice_controller_s140_debug_soft__obfuscated.elf)
                0x00000000010047bc                sym_DUIEI4YTK3TJQ2V3W7PLOGVTWVPNDBBG4WJWTAQ
 .text          0x0000000001004848       0x24 /home/devan/Documents/ncs/nrfxlib/softdevice_controller/lib/cortex-m33+nodsp/soft-float/libsoftdevice_controller_s140.a(libsoftdevice_controller_s140_debug_soft__obfuscated.elf)
                0x0000000001004848                sym_TG7NSIC2UKHCUBZWZ4K4EMD5QRI2QVSKVKV6CFQ
 .text          0x000000000100486c       0x3c /home/devan/Documents/ncs/nrfxlib/softdevice_controller/lib/cortex-m33+nodsp/soft-float/libsoftdevice_controller_s140.a(libsoftdevice_controller_s140_debug_soft__obfuscated.elf)
                0x000000000100486c                sym_Z7NJGBYWCKFTEHRYWAIDKWPEUN45273QSWUA5CY
 .text          0x00000000010048a8       0x1c /home/devan/Documents/ncs/nrfxlib/softdevice_controller/lib/cortex-m33+nodsp/soft-float/libsoftdevice_controller_s140.a(libsoftdevice_controller_s140_debug_soft__obfuscated.elf)
                0x00000000010048a8                sym_TU2SMBIUC7JL6C3K2XB6727DQLBLV5LEGIMZAFQ
 .text          0x00000000010048c4        0xc /home/devan/Documents/ncs/nrfxlib/softdevice_controller/lib/cortex-m33+nodsp/soft-float/libsoftdevice_controller_s140.a(libsoftdevice_controller_s140_debug_soft__obfuscated.elf)
                0x00000000010048c4                sym_CIVMWIRGIOQ374UFFPIFNN4ZGKYK2FRKTT6YRYA
 .text          0x00000000010048d0        0xc /home/devan/Documents/ncs/nrfxlib/softdevice_controller/lib/cortex-m33+nodsp/soft-float/libsoftdevice_controller_s140.a(libsoftdevice_controller_s140_debug_soft__obfuscated.elf)
                0x00000000010048d0                sym_PPT6FEOF2T6DRALMCRRTUI7CHLEPBAN25HYV3KQ
 .text          0x00000000010048dc       0x1c /home/devan/Documents/ncs/nrfxlib/softdevice_controller/lib/cortex-m33+nodsp/soft-float/libsoftdevice_controller_s140.a(libsoftdevice_controller_s140_debug_soft__obfuscated.elf)
                0x00000000010048dc                sym_CEENVC5DZRUT7MGF5LABXKT4NV7YUL5F6EX6TEQ
 .text          0x00000000010048f8        0xc /home/devan/Documents/ncs/nrfxlib/softdevice_controller/lib/cortex-m33+nodsp/soft-float/libsoftdevice_controller_s140.a(libsoftdevice_controller_s140_debug_soft__obfuscated.elf)
                0x00000000010048f8                sym_G3KVRHCJDVHL7HV53526V3YI3DTK2IW2CADUWZQ
 .text          0x0000000001004904       0x24 /home/devan/Documents/ncs/nrfxlib/softdevice_controller/lib/cortex-m33+nodsp/soft-float/libsoftdevice_controller_s140.a(libsoftdevice_controller_s140_debug_soft__obfuscated.elf)
                0x0000000001004904                sdc_hci_cmd_cb_reset
 .text          0x0000000001004928       0x98 /home/devan/Documents/ncs/nrfxlib/softdevice_controller/lib/cortex-m33+nodsp/soft-float/libsoftdevice_controller_s140.a(libsoftdevice_controller_s140_debug_soft__obfuscated.elf)
                0x0000000001004928                sdc_hci_cmd_vs_zephyr_read_static_addresses
 .text          0x00000000010049c0       0x10 /home/devan/Documents/ncs/nrfxlib/softdevice_controller/lib/cortex-m33+nodsp/soft-float/libsoftdevice_controller_s140.a(libsoftdevice_controller_s140_debug_soft__obfuscated.elf)
 .text          0x00000000010049d0       0x78 /home/devan/Documents/ncs/nrfxlib/softdevice_controller/lib/cortex-m33+nodsp/soft-float/libsoftdevice_controller_s140.a(libsoftdevice_controller_s140_debug_soft__obfuscated.elf)
                0x00000000010049d0                sym_A7PVZLRTORLFMETW3GOBE4DG32WTH46LP2SW5QQ
 .text          0x0000000001004a48        0x8 /home/devan/Documents/ncs/nrfxlib/softdevice_controller/lib/cortex-m33+nodsp/soft-float/libsoftdevice_controller_s140.a(libsoftdevice_controller_s140_debug_soft__obfuscated.elf)
                0x0000000001004a48                sym_SSKIYGWPVDNEN7KR2D37H7PSUNCWATTS2JUNCZI
 .text          0x0000000001004a50       0x88 /home/devan/Documents/ncs/nrfxlib/softdevice_controller/lib/cortex-m33+nodsp/soft-float/libsoftdevice_controller_s140.a(libsoftdevice_controller_s140_debug_soft__obfuscated.elf)
                0x0000000001004a50                sym_XCF2HHS4DO2JW2ILCF4RJW66HXXYOROBK7NUPMY
 .text          0x0000000001004ad8       0x10 /home/devan/Documents/ncs/nrfxlib/softdevice_controller/lib/cortex-m33+nodsp/soft-float/libsoftdevice_controller_s140.a(libsoftdevice_controller_s140_debug_soft__obfuscated.elf)
                0x0000000001004ad8                sym_E56LW5YVGUG6HP2OML5URHI7K2KCWX5ULQKQOKY
 .text          0x0000000001004ae8       0xa0 /home/devan/Documents/ncs/nrfxlib/softdevice_controller/lib/cortex-m33+nodsp/soft-float/libsoftdevice_controller_s140.a(libsoftdevice_controller_s140_debug_soft__obfuscated.elf)
                0x0000000001004ae8                sym_TDLIKQLE652KPCFAMYL33G6BKGPHRLYLWNEOTHQ
 .text          0x0000000001004b88       0x60 /home/devan/Documents/ncs/nrfxlib/softdevice_controller/lib/cortex-m33+nodsp/soft-float/libsoftdevice_controller_s140.a(libsoftdevice_controller_s140_debug_soft__obfuscated.elf)
                0x0000000001004b88                sym_47GVMLF7NXDJBYC2TPU2ES3ZL6CP4GIPWKYYWBI
 .text          0x0000000001004be8       0xbc /home/devan/Documents/ncs/nrfxlib/softdevice_controller/lib/cortex-m33+nodsp/soft-float/libsoftdevice_controller_s140.a(libsoftdevice_controller_s140_debug_soft__obfuscated.elf)
                0x0000000001004be8                sym_UOYZDE3MDLGPDL5S5WKUFLPYH4DJIMF3BJSBDYA
 .text          0x0000000001004ca4       0xa0 /home/devan/Documents/ncs/nrfxlib/softdevice_controller/lib/cortex-m33+nodsp/soft-float/libsoftdevice_controller_s140.a(libsoftdevice_controller_s140_debug_soft__obfuscated.elf)
                0x0000000001004ca4                sym_AGKH6DJXHZN325DC6K3C4NU6N7PERJHJNP4AFDI
 .text          0x0000000001004d44       0xb4 /home/devan/Documents/ncs/nrfxlib/softdevice_controller/lib/cortex-m33+nodsp/soft-float/libsoftdevice_controller_s140.a(libsoftdevice_controller_s140_debug_soft__obfuscated.elf)
                0x0000000001004d44                sym_PTZ4EWNTFK5S5TZGCBNFETDF37P4DBX7VGM33II
 .text          0x0000000001004df8       0x10 /home/devan/Documents/ncs/nrfxlib/softdevice_controller/lib/cortex-m33+nodsp/soft-float/libsoftdevice_controller_s140.a(libsoftdevice_controller_s140_debug_soft__obfuscated.elf)
                0x0000000001004df8                sym_B62EJKCCJ4JFC5I4BFTUJG7GNOKGWQ4KKFBS6RI
 .text          0x0000000001004e08       0x70 /home/devan/Documents/ncs/nrfxlib/softdevice_controller/lib/cortex-m33+nodsp/soft-float/libsoftdevice_controller_s140.a(libsoftdevice_controller_s140_debug_soft__obfuscated.elf)
                0x0000000001004e08                sym_4WKKRRMMNLQOCTRGC2MVIREG5QOCFUEL67TBUQY
 .text          0x0000000001004e78       0xa0 /home/devan/Documents/ncs/nrfxlib/softdevice_controller/lib/cortex-m33+nodsp/soft-float/libsoftdevice_controller_s140.a(libsoftdevice_controller_s140_debug_soft__obfuscated.elf)
                0x0000000001004e78                sym_4DUZAAZKVNAL6VUHN4XAFX35FQKJS4D7DISLHDI
 .text          0x0000000001004f18      0x17c /home/devan/Documents/ncs/nrfxlib/softdevice_controller/lib/cortex-m33+nodsp/soft-float/libsoftdevice_controller_s140.a(libsoftdevice_controller_s140_debug_soft__obfuscated.elf)
                0x0000000001004f18                sym_3LZ364FVGUVSOSH6XGIFMW5SY36X7BQXDOES46Y
 .text          0x0000000001005094       0x54 /home/devan/Documents/ncs/nrfxlib/softdevice_controller/lib/cortex-m33+nodsp/soft-float/libsoftdevice_controller_s140.a(libsoftdevice_controller_s140_debug_soft__obfuscated.elf)
                0x0000000001005094                sym_RZ3AO5KZJYCPFG5YW4CBZQF5SRGN3BPTEGBY47I
 .text          0x00000000010050e8       0x1c /home/devan/Documents/ncs/nrfxlib/softdevice_controller/lib/cortex-m33+nodsp/soft-float/libsoftdevice_controller_s140.a(libsoftdevice_controller_s140_debug_soft__obfuscated.elf)
                0x00000000010050e8                sym_DY52YMZFQPMDNFDSVZDQLPFIWKOSXIQIEKUVZNY
 .text          0x0000000001005104       0x7c /home/devan/Documents/ncs/nrfxlib/softdevice_controller/lib/cortex-m33+nodsp/soft-float/libsoftdevice_controller_s140.a(libsoftdevice_controller_s140_debug_soft__obfuscated.elf)
                0x0000000001005104                sym_BZ7Z4RQ3DCP67RU5HKR6L76AI2EU62TP34WUI5Q
 .text          0x0000000001005180       0x7c /home/devan/Documents/ncs/nrfxlib/softdevice_controller/lib/cortex-m33+nodsp/soft-float/libsoftdevice_controller_s140.a(libsoftdevice_controller_s140_debug_soft__obfuscated.elf)
                0x0000000001005180                sym_KYAZRCYN475PHPCZD6L3YCVO72SQVA3SBOAY44Q
 .text          0x00000000010051fc       0xa0 /home/devan/Documents/ncs/nrfxlib/softdevice_controller/lib/cortex-m33+nodsp/soft-float/libsoftdevice_controller_s140.a(libsoftdevice_controller_s140_debug_soft__obfuscated.elf)
                0x00000000010051fc                sym_Q4EW623JZHY67RB7U4Z2L2SMI5ENWIDFL23JZHQ
 .text          0x000000000100529c        0xc /home/devan/Documents/ncs/nrfxlib/softdevice_controller/lib/cortex-m33+nodsp/soft-float/libsoftdevice_controller_s140.a(libsoftdevice_controller_s140_debug_soft__obfuscated.elf)
                0x000000000100529c                sym_W4P456NK4DQPUF5QVP3W7JSFZJTVGAOKAMSTNSQ
 .text          0x00000000010052a8       0x2c /home/devan/Documents/ncs/nrfxlib/softdevice_controller/lib/cortex-m33+nodsp/soft-float/libsoftdevice_controller_s140.a(libsoftdevice_controller_s140_debug_soft__obfuscated.elf)
                0x00000000010052a8                sym_56BVXVVSYPZZTDFBHBV4MJAFTYIS7HMITNWUEZQ
 .text          0x00000000010052d4        0xc /home/devan/Documents/ncs/nrfxlib/softdevice_controller/lib/cortex-m33+nodsp/soft-float/libsoftdevice_controller_s140.a(libsoftdevice_controller_s140_debug_soft__obfuscated.elf)
                0x00000000010052d4                sym_4Z7443SGSMJBRM7TLEVRIFXZXBZ34MHB7IK5ETY
 .text          0x00000000010052e0       0x2c /home/devan/Documents/ncs/nrfxlib/softdevice_controller/lib/cortex-m33+nodsp/soft-float/libsoftdevice_controller_s140.a(libsoftdevice_controller_s140_debug_soft__obfuscated.elf)
                0x00000000010052e0                sym_ZOHQLKBCZOR3A7YQVK6MVD6IEOARIBONHUTW4FY
 .text          0x000000000100530c       0x34 /home/devan/Documents/ncs/nrfxlib/softdevice_controller/lib/cortex-m33+nodsp/soft-float/libsoftdevice_controller_s140.a(libsoftdevice_controller_s140_debug_soft__obfuscated.elf)
                0x000000000100530c                sym_T2KVJXUKBW7E6DZMIXB2ENUQYG6P2TBYLXO3PAY
 .text          0x0000000001005340       0x24 /home/devan/Documents/ncs/nrfxlib/softdevice_controller/lib/cortex-m33+nodsp/soft-float/libsoftdevice_controller_s140.a(libsoftdevice_controller_s140_debug_soft__obfuscated.elf)
                0x0000000001005340                sym_4FRIF7JGOVTE7JZ3KYQVPKX5PKSXGKCIHE6GQDY
 .text          0x0000000001005364       0x68 /home/devan/Documents/ncs/nrfxlib/softdevice_controller/lib/cortex-m33+nodsp/soft-float/libsoftdevice_controller_s140.a(libsoftdevice_controller_s140_debug_soft__obfuscated.elf)
                0x0000000001005364                sym_JTNP7UFMKYWSFCHJEA5IASO3QVW3HK4YV6YOJYQ
 .text          0x00000000010053cc       0x10 /home/devan/Documents/ncs/nrfxlib/softdevice_controller/lib/cortex-m33+nodsp/soft-float/libsoftdevice_controller_s140.a(libsoftdevice_controller_s140_debug_soft__obfuscated.elf)
                0x00000000010053cc                sym_B627VJPECYREV5OY4VJ652ISBA4XGPKVOUJ747A
 .text          0x00000000010053dc       0xf4 /home/devan/Documents/ncs/nrfxlib/softdevice_controller/lib/cortex-m33+nodsp/soft-float/libsoftdevice_controller_s140.a(libsoftdevice_controller_s140_debug_soft__obfuscated.elf)
                0x00000000010053dc                sym_EQ53CEL7EDVHMFMHMFPRRQU46C5YKKFEBAACFOA
 .text          0x00000000010054d0       0x98 /home/devan/Documents/ncs/nrfxlib/softdevice_controller/lib/cortex-m33+nodsp/soft-float/libsoftdevice_controller_s140.a(libsoftdevice_controller_s140_debug_soft__obfuscated.elf)
                0x00000000010054d0                sym_4F7LPUXSCTOCH5INAFX4H2INQYD4GQNEVBQ7OPY
 .text          0x0000000001005568       0x20 /home/devan/Documents/ncs/nrfxlib/softdevice_controller/lib/cortex-m33+nodsp/soft-float/libsoftdevice_controller_s140.a(libsoftdevice_controller_s140_debug_soft__obfuscated.elf)
                0x0000000001005568                sym_XHE47EZYHONCPR22HUAZULMCALDJINMYREOFDEI
 .text          0x0000000001005588       0xe0 /home/devan/Documents/ncs/nrfxlib/softdevice_controller/lib/cortex-m33+nodsp/soft-float/libsoftdevice_controller_s140.a(libsoftdevice_controller_s140_debug_soft__obfuscated.elf)
                0x0000000001005588                sym_QSUAMFEDJMVCYQUJNPHGXEKEFULJEH46BNC5SLA
 .text          0x0000000001005668       0x40 /home/devan/Documents/ncs/nrfxlib/softdevice_controller/lib/cortex-m33+nodsp/soft-float/libsoftdevice_controller_s140.a(libsoftdevice_controller_s140_debug_soft__obfuscated.elf)
                0x0000000001005668                sym_5X75WALYYBUWN4XT5LYOZBIGSZHVNFKF5J4CSQI
 .text          0x00000000010056a8       0x88 /home/devan/Documents/ncs/nrfxlib/softdevice_controller/lib/cortex-m33+nodsp/soft-float/libsoftdevice_controller_s140.a(libsoftdevice_controller_s140_debug_soft__obfuscated.elf)
                0x00000000010056a8                sym_4AWF7EXI3MMHUULTY73E756U3IY5DEXOZ265MZY
 .text          0x0000000001005730       0x20 /home/devan/Documents/ncs/nrfxlib/softdevice_controller/lib/cortex-m33+nodsp/soft-float/libsoftdevice_controller_s140.a(libsoftdevice_controller_s140_debug_soft__obfuscated.elf)
                0x0000000001005730                sym_3SKPFA625PNDCAQQU2M5BY77GYLRCXEEFZ5JBTY
 .text          0x0000000001005750       0x64 /home/devan/Documents/ncs/nrfxlib/softdevice_controller/lib/cortex-m33+nodsp/soft-float/libsoftdevice_controller_s140.a(libsoftdevice_controller_s140_debug_soft__obfuscated.elf)
                0x0000000001005750                sym_6I4XEOIW7LI2E3Z53L54ZHQQHYICXR4H4JQWXLA
 .text          0x00000000010057b4       0x2c /home/devan/Documents/ncs/nrfxlib/softdevice_controller/lib/cortex-m33+nodsp/soft-float/libsoftdevice_controller_s140.a(libsoftdevice_controller_s140_debug_soft__obfuscated.elf)
                0x00000000010057b4                sym_WDNTHBFS7DQM3AR7WDCR7ZEICFH5ZM5PJ35BRPY
 .text          0x00000000010057e0       0x60 /home/devan/Documents/ncs/nrfxlib/softdevice_controller/lib/cortex-m33+nodsp/soft-float/libsoftdevice_controller_s140.a(libsoftdevice_controller_s140_debug_soft__obfuscated.elf)
                0x00000000010057e0                sym_6DYG6C6ROXZA67GZINNB2XIQHL3KE2RCKK4QFXA
 .text          0x0000000001005840       0xd8 /home/devan/Documents/ncs/nrfxlib/softdevice_controller/lib/cortex-m33+nodsp/soft-float/libsoftdevice_controller_s140.a(libsoftdevice_controller_s140_debug_soft__obfuscated.elf)
                0x0000000001005840                sym_24NU2MJKHN4R2Z7HXHMPDWTTDYSB32VL6HEQPZA
 .text          0x0000000001005918       0x64 /home/devan/Documents/ncs/nrfxlib/softdevice_controller/lib/cortex-m33+nodsp/soft-float/libsoftdevice_controller_s140.a(libsoftdevice_controller_s140_debug_soft__obfuscated.elf)
                0x0000000001005918                sym_3QFBRH4ZSIA64QP2I3K547Y5WIALGQTCBP5Y5SQ
 .text          0x000000000100597c       0x64 /home/devan/Documents/ncs/nrfxlib/softdevice_controller/lib/cortex-m33+nodsp/soft-float/libsoftdevice_controller_s140.a(libsoftdevice_controller_s140_debug_soft__obfuscated.elf)
                0x000000000100597c                sym_NOQRMQ5IH6SQFJEPI5A3UBMITO54HG4WO4DTTXA
 .text          0x00000000010059e0       0x30 /home/devan/Documents/ncs/nrfxlib/softdevice_controller/lib/cortex-m33+nodsp/soft-float/libsoftdevice_controller_s140.a(libsoftdevice_controller_s140_debug_soft__obfuscated.elf)
                0x00000000010059e0                sym_YNBBHT54WKEGUNVC6TSBMRGLF67VFWBOYEMKGTQ
 .text          0x0000000001005a10       0x34 /home/devan/Documents/ncs/nrfxlib/softdevice_controller/lib/cortex-m33+nodsp/soft-float/libsoftdevice_controller_s140.a(libsoftdevice_controller_s140_debug_soft__obfuscated.elf)
                0x0000000001005a10                sym_35ZAQW4ABRMBYES2ZHPK63BHZAFFFC4WMGEJ6NA
 .text          0x0000000001005a44       0x30 /home/devan/Documents/ncs/nrfxlib/softdevice_controller/lib/cortex-m33+nodsp/soft-float/libsoftdevice_controller_s140.a(libsoftdevice_controller_s140_debug_soft__obfuscated.elf)
 .text          0x0000000001005a74       0x98 /home/devan/Documents/ncs/nrfxlib/softdevice_controller/lib/cortex-m33+nodsp/soft-float/libsoftdevice_controller_s140.a(libsoftdevice_controller_s140_debug_soft__obfuscated.elf)
 .text          0x0000000001005b0c       0x40 /home/devan/Documents/ncs/nrfxlib/softdevice_controller/lib/cortex-m33+nodsp/soft-float/libsoftdevice_controller_s140.a(libsoftdevice_controller_s140_debug_soft__obfuscated.elf)
                0x0000000001005b0c                sym_E5WZNPP2DINHF6K4PHXLYLX5AXTYBQYGQESRSGQ
 .text          0x0000000001005b4c       0x2c /home/devan/Documents/ncs/nrfxlib/softdevice_controller/lib/cortex-m33+nodsp/soft-float/libsoftdevice_controller_s140.a(libsoftdevice_controller_s140_debug_soft__obfuscated.elf)
                0x0000000001005b4c                sym_RZ4KEX57U2ASIFFSRQDHBCB7WVJNTOCZSYKJFSA
 .text          0x0000000001005b78       0xe0 /home/devan/Documents/ncs/nrfxlib/softdevice_controller/lib/cortex-m33+nodsp/soft-float/libsoftdevice_controller_s140.a(libsoftdevice_controller_s140_debug_soft__obfuscated.elf)
                0x0000000001005b78                sym_2ZCOT6ZEUU54S36NE627GOZVLBS26AFIUJKNLBI
 .text          0x0000000001005c58       0x4c /home/devan/Documents/ncs/nrfxlib/softdevice_controller/lib/cortex-m33+nodsp/soft-float/libsoftdevice_controller_s140.a(libsoftdevice_controller_s140_debug_soft__obfuscated.elf)
                0x0000000001005c58                sym_YRXVGCYVFXOSIQO43AC5UEELHEXP2A4UAFUQRPI
 .text          0x0000000001005ca4       0x20 /home/devan/Documents/ncs/nrfxlib/softdevice_controller/lib/cortex-m33+nodsp/soft-float/libsoftdevice_controller_s140.a(libsoftdevice_controller_s140_debug_soft__obfuscated.elf)
                0x0000000001005ca4                sym_FRQCN2KJNNZFYMAUJKFDGLFKE5V5FBD7HJ4IAKQ
 .text          0x0000000001005cc4       0x10 /home/devan/Documents/ncs/nrfxlib/softdevice_controller/lib/cortex-m33+nodsp/soft-float/libsoftdevice_controller_s140.a(libsoftdevice_controller_s140_debug_soft__obfuscated.elf)
                0x0000000001005cc4                sym_7YLXP6BHTAWWWMXLB5XOZU3Q27WEPTH5PONOKOI
 .text          0x0000000001005cd4       0x18 /home/devan/Documents/ncs/nrfxlib/softdevice_controller/lib/cortex-m33+nodsp/soft-float/libsoftdevice_controller_s140.a(libsoftdevice_controller_s140_debug_soft__obfuscated.elf)
 .text          0x0000000001005cec       0x5c /home/devan/Documents/ncs/nrfxlib/softdevice_controller/lib/cortex-m33+nodsp/soft-float/libsoftdevice_controller_s140.a(libsoftdevice_controller_s140_debug_soft__obfuscated.elf)
 .text          0x0000000001005d48       0x60 /home/devan/Documents/ncs/nrfxlib/softdevice_controller/lib/cortex-m33+nodsp/soft-float/libsoftdevice_controller_s140.a(libsoftdevice_controller_s140_debug_soft__obfuscated.elf)
 .text          0x0000000001005da8       0x24 /home/devan/Documents/ncs/nrfxlib/softdevice_controller/lib/cortex-m33+nodsp/soft-float/libsoftdevice_controller_s140.a(libsoftdevice_controller_s140_debug_soft__obfuscated.elf)
 .text          0x0000000001005dcc      0x4f8 /home/devan/Documents/ncs/nrfxlib/softdevice_controller/lib/cortex-m33+nodsp/soft-float/libsoftdevice_controller_s140.a(libsoftdevice_controller_s140_debug_soft__obfuscated.elf)
 .text          0x00000000010062c4        0xc /home/devan/Documents/ncs/nrfxlib/softdevice_controller/lib/cortex-m33+nodsp/soft-float/libsoftdevice_controller_s140.a(libsoftdevice_controller_s140_debug_soft__obfuscated.elf)
                0x00000000010062c4                sym_O2AFZAWKVBYRIBDK67CHKRSMY4WR2S6V2VOPETI
 .text          0x00000000010062d0       0x30 /home/devan/Documents/ncs/nrfxlib/softdevice_controller/lib/cortex-m33+nodsp/soft-float/libsoftdevice_controller_s140.a(libsoftdevice_controller_s140_debug_soft__obfuscated.elf)
                0x00000000010062d0                sym_QFSP7NEBRUPCXI7KU3RYDOWD7SSPVNXVSULPYYY
 .text          0x0000000001006300       0x34 /home/devan/Documents/ncs/nrfxlib/softdevice_controller/lib/cortex-m33+nodsp/soft-float/libsoftdevice_controller_s140.a(libsoftdevice_controller_s140_debug_soft__obfuscated.elf)
                0x0000000001006300                sym_TQOU6M5FOJGYBQ73ADAMFJFBW345AJHKSTMZKNQ
 .text          0x0000000001006334       0x10 /home/devan/Documents/ncs/nrfxlib/softdevice_controller/lib/cortex-m33+nodsp/soft-float/libsoftdevice_controller_s140.a(libsoftdevice_controller_s140_debug_soft__obfuscated.elf)
                0x0000000001006334                sym_ZXM7KZCJVXF5JQS53RSDXIJ4HMUIELSZ3E43YFQ
 .text          0x0000000001006344       0x34 /home/devan/Documents/ncs/nrfxlib/softdevice_controller/lib/cortex-m33+nodsp/soft-float/libsoftdevice_controller_s140.a(libsoftdevice_controller_s140_debug_soft__obfuscated.elf)
                0x0000000001006344                sym_EYIHOGBWBCMB5KSAAVLK6V2XC2PNYI4CUGUZRMY
 .text          0x0000000001006378       0x2c /home/devan/Documents/ncs/nrfxlib/softdevice_controller/lib/cortex-m33+nodsp/soft-float/libsoftdevice_controller_s140.a(libsoftdevice_controller_s140_debug_soft__obfuscated.elf)
                0x0000000001006378                sym_VOWAB7CX7QR3QZO4BOMEFRG3OQVIEDUOTXDSIZQ
 .text          0x00000000010063a4       0x20 /home/devan/Documents/ncs/nrfxlib/softdevice_controller/lib/cortex-m33+nodsp/soft-float/libsoftdevice_controller_s140.a(libsoftdevice_controller_s140_debug_soft__obfuscated.elf)
                0x00000000010063a4                sym_44PAL7VRDLM7JAHHE46SH64ZILJVRWB7LYZHG4I
 .text          0x00000000010063c4       0x24 /home/devan/Documents/ncs/nrfxlib/softdevice_controller/lib/cortex-m33+nodsp/soft-float/libsoftdevice_controller_s140.a(libsoftdevice_controller_s140_debug_soft__obfuscated.elf)
                0x00000000010063c4                sym_G37M6IIXFP43ACRKNNFX4CIGVJGGHQJ62ZJ5TTI
 .text          0x00000000010063e8       0x18 /home/devan/Documents/ncs/nrfxlib/softdevice_controller/lib/cortex-m33+nodsp/soft-float/libsoftdevice_controller_s140.a(libsoftdevice_controller_s140_debug_soft__obfuscated.elf)
                0x00000000010063e8                sym_TEFIALEYGDWZNVCI6J2TWNGI7MKU467ZDEG2H4A
 .text          0x0000000001006400       0x18 /home/devan/Documents/ncs/nrfxlib/softdevice_controller/lib/cortex-m33+nodsp/soft-float/libsoftdevice_controller_s140.a(libsoftdevice_controller_s140_debug_soft__obfuscated.elf)
 .text          0x0000000001006418       0x3c /home/devan/Documents/ncs/nrfxlib/softdevice_controller/lib/cortex-m33+nodsp/soft-float/libsoftdevice_controller_s140.a(libsoftdevice_controller_s140_debug_soft__obfuscated.elf)
                0x0000000001006418                sym_4SVQMPT754VXN2AWYY6JE7KITHSHSLYTNUBSWZA
 .text          0x0000000001006454        0xc /home/devan/Documents/ncs/nrfxlib/softdevice_controller/lib/cortex-m33+nodsp/soft-float/libsoftdevice_controller_s140.a(libsoftdevice_controller_s140_debug_soft__obfuscated.elf)
                0x0000000001006454                sym_D6WSZJGHBVSNS7ZN6DCIU7W37KOBRFZ3D7V2IKQ
 .text          0x0000000001006460       0x10 /home/devan/Documents/ncs/nrfxlib/softdevice_controller/lib/cortex-m33+nodsp/soft-float/libsoftdevice_controller_s140.a(libsoftdevice_controller_s140_debug_soft__obfuscated.elf)
                0x0000000001006460                sym_5J64OSX6B5PYXNSLHXY64ZK4MCPU4BDFR5B2EQI
 .text          0x0000000001006470        0xc /home/devan/Documents/ncs/nrfxlib/softdevice_controller/lib/cortex-m33+nodsp/soft-float/libsoftdevice_controller_s140.a(libsoftdevice_controller_s140_debug_soft__obfuscated.elf)
                0x0000000001006470                sym_Z532D623Y7HDGW5WU344Z73EWIA3AYTZGWVFKIY
 .text          0x000000000100647c       0x10 /home/devan/Documents/ncs/nrfxlib/softdevice_controller/lib/cortex-m33+nodsp/soft-float/libsoftdevice_controller_s140.a(libsoftdevice_controller_s140_debug_soft__obfuscated.elf)
                0x000000000100647c                sym_P6K4PWFIUTLB5PEOIIMIJKUC3RGJ5ERWNYQK34Y
 .text          0x000000000100648c       0x74 /home/devan/Documents/ncs/nrfxlib/softdevice_controller/lib/cortex-m33+nodsp/soft-float/libsoftdevice_controller_s140.a(libsoftdevice_controller_s140_debug_soft__obfuscated.elf)
                0x000000000100648c                sym_MCAMJAIBJDD4JPS3OAKE3HA4IEMPLSTZ46SLXYY
 .text          0x0000000001006500       0xd4 /home/devan/Documents/ncs/nrfxlib/softdevice_controller/lib/cortex-m33+nodsp/soft-float/libsoftdevice_controller_s140.a(libsoftdevice_controller_s140_debug_soft__obfuscated.elf)
                0x0000000001006500                sym_UW7UHI7YXZEM7ILBVUNOPL56EYZPKQPCGAGT25Y
 .text          0x00000000010065d4       0x34 /home/devan/Documents/ncs/nrfxlib/softdevice_controller/lib/cortex-m33+nodsp/soft-float/libsoftdevice_controller_s140.a(libsoftdevice_controller_s140_debug_soft__obfuscated.elf)
 .text          0x0000000001006608       0x74 /home/devan/Documents/ncs/nrfxlib/softdevice_controller/lib/cortex-m33+nodsp/soft-float/libsoftdevice_controller_s140.a(libsoftdevice_controller_s140_debug_soft__obfuscated.elf)
 .text          0x000000000100667c       0x38 /home/devan/Documents/ncs/nrfxlib/softdevice_controller/lib/cortex-m33+nodsp/soft-float/libsoftdevice_controller_s140.a(libsoftdevice_controller_s140_debug_soft__obfuscated.elf)
 .text          0x00000000010066b4       0x24 /home/devan/Documents/ncs/nrfxlib/softdevice_controller/lib/cortex-m33+nodsp/soft-float/libsoftdevice_controller_s140.a(libsoftdevice_controller_s140_debug_soft__obfuscated.elf)
 .text          0x00000000010066d8       0x20 /home/devan/Documents/ncs/nrfxlib/softdevice_controller/lib/cortex-m33+nodsp/soft-float/libsoftdevice_controller_s140.a(libsoftdevice_controller_s140_debug_soft__obfuscated.elf)
 .text          0x00000000010066f8       0x24 /home/devan/Documents/ncs/nrfxlib/softdevice_controller/lib/cortex-m33+nodsp/soft-float/libsoftdevice_controller_s140.a(libsoftdevice_controller_s140_debug_soft__obfuscated.elf)
 .text          0x000000000100671c       0x80 /home/devan/Documents/ncs/nrfxlib/softdevice_controller/lib/cortex-m33+nodsp/soft-float/libsoftdevice_controller_s140.a(libsoftdevice_controller_s140_debug_soft__obfuscated.elf)
 .text          0x000000000100679c       0x7c /home/devan/Documents/ncs/nrfxlib/softdevice_controller/lib/cortex-m33+nodsp/soft-float/libsoftdevice_controller_s140.a(libsoftdevice_controller_s140_debug_soft__obfuscated.elf)
 .text          0x0000000001006818       0x24 /home/devan/Documents/ncs/nrfxlib/softdevice_controller/lib/cortex-m33+nodsp/soft-float/libsoftdevice_controller_s140.a(libsoftdevice_controller_s140_debug_soft__obfuscated.elf)
 .text          0x000000000100683c       0x30 /home/devan/Documents/ncs/nrfxlib/softdevice_controller/lib/cortex-m33+nodsp/soft-float/libsoftdevice_controller_s140.a(libsoftdevice_controller_s140_debug_soft__obfuscated.elf)
 .text          0x000000000100686c       0x34 /home/devan/Documents/ncs/nrfxlib/softdevice_controller/lib/cortex-m33+nodsp/soft-float/libsoftdevice_controller_s140.a(libsoftdevice_controller_s140_debug_soft__obfuscated.elf)
 .text          0x00000000010068a0       0x50 /home/devan/Documents/ncs/nrfxlib/softdevice_controller/lib/cortex-m33+nodsp/soft-float/libsoftdevice_controller_s140.a(libsoftdevice_controller_s140_debug_soft__obfuscated.elf)
                0x00000000010068a0                sym_LDXQSYY7DDU43SLRAMP6SQQJEVZC3DAKK4MURHQ
 .text          0x00000000010068f0       0x74 /home/devan/Documents/ncs/nrfxlib/softdevice_controller/lib/cortex-m33+nodsp/soft-float/libsoftdevice_controller_s140.a(libsoftdevice_controller_s140_debug_soft__obfuscated.elf)
                0x00000000010068f0                sym_BFBDHRTPYGNRMJSAT7WCAPOXBGIVSWF4E5GFHOA
 .text          0x0000000001006964        0xc /home/devan/Documents/ncs/nrfxlib/softdevice_controller/lib/cortex-m33+nodsp/soft-float/libsoftdevice_controller_s140.a(libsoftdevice_controller_s140_debug_soft__obfuscated.elf)
                0x0000000001006964                sym_PRWTRTI5GPQHIT26MFBSSOCWTUYYRLQLJWD2ZOI
 .text          0x0000000001006970       0x50 /home/devan/Documents/ncs/nrfxlib/softdevice_controller/lib/cortex-m33+nodsp/soft-float/libsoftdevice_controller_s140.a(libsoftdevice_controller_s140_debug_soft__obfuscated.elf)
                0x0000000001006970                sym_FVRJ5GRQ6FY5JSPNUS4SDCOPTCXUJFVIXPQMIRY
 .text          0x00000000010069c0       0x74 /home/devan/Documents/ncs/nrfxlib/softdevice_controller/lib/cortex-m33+nodsp/soft-float/libsoftdevice_controller_s140.a(libsoftdevice_controller_s140_debug_soft__obfuscated.elf)
                0x00000000010069c0                sym_XUBYH6XGZLLFFVYC6KQVA5MFJUUESCU2IF7KXFI
 .text          0x0000000001006a34       0x2c /home/devan/Documents/ncs/nrfxlib/softdevice_controller/lib/cortex-m33+nodsp/soft-float/libsoftdevice_controller_s140.a(libsoftdevice_controller_s140_debug_soft__obfuscated.elf)
                0x0000000001006a34                sym_G4TIIR7KO3GHFF45HCHTIL3RIPRK2LVDQADUYJQ
 .text          0x0000000001006a60       0x38 /home/devan/Documents/ncs/nrfxlib/softdevice_controller/lib/cortex-m33+nodsp/soft-float/libsoftdevice_controller_s140.a(libsoftdevice_controller_s140_debug_soft__obfuscated.elf)
                0x0000000001006a60                sym_4W26TPGCKOCVVRKXQDBKGXGC2Y5LMZXNKS2QITA
 .text          0x0000000001006a98       0x18 /home/devan/Documents/ncs/nrfxlib/softdevice_controller/lib/cortex-m33+nodsp/soft-float/libsoftdevice_controller_s140.a(libsoftdevice_controller_s140_debug_soft__obfuscated.elf)
                0x0000000001006a98                sym_QXKT3PVMDTZRAAU2QNTWO5VOUEZ4NW6TWISREXY
 .text          0x0000000001006ab0       0x18 /home/devan/Documents/ncs/nrfxlib/softdevice_controller/lib/cortex-m33+nodsp/soft-float/libsoftdevice_controller_s140.a(libsoftdevice_controller_s140_debug_soft__obfuscated.elf)
                0x0000000001006ab0                sym_MJCF2WRL4I323V23HKVENOJWV5IXH54R5X6LJRY
 .text          0x0000000001006ac8       0x1c /home/devan/Documents/ncs/nrfxlib/softdevice_controller/lib/cortex-m33+nodsp/soft-float/libsoftdevice_controller_s140.a(libsoftdevice_controller_s140_debug_soft__obfuscated.elf)
                0x0000000001006ac8                sym_REO6MG4FRJTNQQ56RDJDYGEWFEO5TFVYGRW6OLI
 .text          0x0000000001006ae4        0xc /home/devan/Documents/ncs/nrfxlib/softdevice_controller/lib/cortex-m33+nodsp/soft-float/libsoftdevice_controller_s140.a(libsoftdevice_controller_s140_debug_soft__obfuscated.elf)
                0x0000000001006ae4                sym_NKFCLZ5HTE6KVHDV5DGZ6TJP4KSZI43SYBECPRY
 .text          0x0000000001006af0       0x2c /home/devan/Documents/ncs/nrfxlib/softdevice_controller/lib/cortex-m33+nodsp/soft-float/libsoftdevice_controller_s140.a(libsoftdevice_controller_s140_debug_soft__obfuscated.elf)
                0x0000000001006af0                sym_65LA7GM3MU7DDFQKTB75BYTZMPMROSWKS3VXCNI
 .text          0x0000000001006b1c       0x20 /home/devan/Documents/ncs/nrfxlib/softdevice_controller/lib/cortex-m33+nodsp/soft-float/libsoftdevice_controller_s140.a(libsoftdevice_controller_s140_debug_soft__obfuscated.elf)
                0x0000000001006b1c                sym_AGWGY6I3YKHHV6TMAWL24HN4IKGOB7PZYXPWBRA
 .text          0x0000000001006b3c        0xc /home/devan/Documents/ncs/nrfxlib/softdevice_controller/lib/cortex-m33+nodsp/soft-float/libsoftdevice_controller_s140.a(libsoftdevice_controller_s140_debug_soft__obfuscated.elf)
                0x0000000001006b3c                sym_IXGTNRGKILIZPWG2NJIZ2ALUPW2IM3XFVCGJW2I
 .text          0x0000000001006b48       0x20 /home/devan/Documents/ncs/nrfxlib/softdevice_controller/lib/cortex-m33+nodsp/soft-float/libsoftdevice_controller_s140.a(libsoftdevice_controller_s140_debug_soft__obfuscated.elf)
                0x0000000001006b48                sym_JHXS4T25BAYOMDDZMWPX3HMPENRV73GSV2RYHAI
 .text          0x0000000001006b68       0x2c /home/devan/Documents/ncs/nrfxlib/softdevice_controller/lib/cortex-m33+nodsp/soft-float/libsoftdevice_controller_s140.a(libsoftdevice_controller_s140_debug_soft__obfuscated.elf)
                0x0000000001006b68                sym_54CHYGRI3UHSVLN5ZOGJESXNRISJW5CS4IYBN7Y
 .text          0x0000000001006b94       0x20 /home/devan/Documents/ncs/nrfxlib/softdevice_controller/lib/cortex-m33+nodsp/soft-float/libsoftdevice_controller_s140.a(libsoftdevice_controller_s140_debug_soft__obfuscated.elf)
                0x0000000001006b94                sym_V7MOOXL5SOLISKFFGWJC7M3XDITU574WBQOXGWY
 .text          0x0000000001006bb4        0xc /home/devan/Documents/ncs/nrfxlib/softdevice_controller/lib/cortex-m33+nodsp/soft-float/libsoftdevice_controller_s140.a(libsoftdevice_controller_s140_debug_soft__obfuscated.elf)
                0x0000000001006bb4                sym_BGPX36PUCNVPV3544HQ5RQFY5WG7CJAFVVBI7AY
 .text          0x0000000001006bc0       0x34 /home/devan/Documents/ncs/nrfxlib/softdevice_controller/lib/cortex-m33+nodsp/soft-float/libsoftdevice_controller_s140.a(libsoftdevice_controller_s140_debug_soft__obfuscated.elf)
                0x0000000001006bc0                sym_QKSVBALUN2V4XT4OCC56LE75IAYLDFRRIVLBZ2Q
 .text          0x0000000001006bf4       0x38 /home/devan/Documents/ncs/nrfxlib/softdevice_controller/lib/cortex-m33+nodsp/soft-float/libsoftdevice_controller_s140.a(libsoftdevice_controller_s140_debug_soft__obfuscated.elf)
                0x0000000001006bf4                sym_WCOWXKSKBH7DOKKKINFZAPWXKW4NYAUCJWTUKBI
 .text          0x0000000001006c2c       0x1c /home/devan/Documents/ncs/nrfxlib/softdevice_controller/lib/cortex-m33+nodsp/soft-float/libsoftdevice_controller_s140.a(libsoftdevice_controller_s140_debug_soft__obfuscated.elf)
                0x0000000001006c2c                sym_AO3U45UEGFLUPMT565ZR5UWUQUONF5AKILLCT3A
 .text          0x0000000001006c48       0x18 /home/devan/Documents/ncs/nrfxlib/softdevice_controller/lib/cortex-m33+nodsp/soft-float/libsoftdevice_controller_s140.a(libsoftdevice_controller_s140_debug_soft__obfuscated.elf)
                0x0000000001006c48                sym_QXX7QPPE65ZKCBYWZ37FEDQMGBPX47SXI5J64NA
 .text          0x0000000001006c60       0x30 /home/devan/Documents/ncs/nrfxlib/softdevice_controller/lib/cortex-m33+nodsp/soft-float/libsoftdevice_controller_s140.a(libsoftdevice_controller_s140_debug_soft__obfuscated.elf)
                0x0000000001006c60                sym_VGWLGVWNBCZXKH5C5VH3R5PHI7RB6PXXCMGE5QY
 .text          0x0000000001006c90       0x3c /home/devan/Documents/ncs/nrfxlib/softdevice_controller/lib/cortex-m33+nodsp/soft-float/libsoftdevice_controller_s140.a(libsoftdevice_controller_s140_debug_soft__obfuscated.elf)
                0x0000000001006c90                sym_Z47IXNZNEDTOWLB6B34VWMDNCXIIZJKTXKEH4NA
 .text          0x0000000001006ccc       0x28 /home/devan/Documents/ncs/nrfxlib/softdevice_controller/lib/cortex-m33+nodsp/soft-float/libsoftdevice_controller_s140.a(libsoftdevice_controller_s140_debug_soft__obfuscated.elf)
                0x0000000001006ccc                sym_OEEB4IPB4NLF7OND2A5BJPKCV3QQLIZIALUAOAI
 .text          0x0000000001006cf4       0x68 /home/devan/Documents/ncs/nrfxlib/softdevice_controller/lib/cortex-m33+nodsp/soft-float/libsoftdevice_controller_s140.a(libsoftdevice_controller_s140_debug_soft__obfuscated.elf)
                0x0000000001006cf4                sym_SKMZWIM7P4M3RGOEIN3DTVMYPDZXQTMHZI7K3AQ
 .text          0x0000000001006d5c       0x78 /home/devan/Documents/ncs/nrfxlib/softdevice_controller/lib/cortex-m33+nodsp/soft-float/libsoftdevice_controller_s140.a(libsoftdevice_controller_s140_debug_soft__obfuscated.elf)
                0x0000000001006d5c                sym_BLMJ5IIKWMCUMGRAJC47JTAD5DUGOY4TIBII5HY
 .text          0x0000000001006dd4       0x28 /home/devan/Documents/ncs/nrfxlib/softdevice_controller/lib/cortex-m33+nodsp/soft-float/libsoftdevice_controller_s140.a(libsoftdevice_controller_s140_debug_soft__obfuscated.elf)
                0x0000000001006dd4                sym_FEGTISSRZOTQRK4SD4MRDIWBV3TTZYGCCKXTY4Y
 .text          0x0000000001006dfc       0x28 /home/devan/Documents/ncs/nrfxlib/softdevice_controller/lib/cortex-m33+nodsp/soft-float/libsoftdevice_controller_s140.a(libsoftdevice_controller_s140_debug_soft__obfuscated.elf)
                0x0000000001006dfc                sym_N6TOG3AODPPFNS6LXFKKIADNGIMUMBS5BXPEFOY
 .text          0x0000000001006e24        0xc /home/devan/Documents/ncs/nrfxlib/softdevice_controller/lib/cortex-m33+nodsp/soft-float/libsoftdevice_controller_s140.a(libsoftdevice_controller_s140_debug_soft__obfuscated.elf)
                0x0000000001006e24                sym_PBZPB3PSJJYSQQW7TH2XDGNLD2UYSZR6YJ4ZZNQ
 .text          0x0000000001006e30       0x14 /home/devan/Documents/ncs/nrfxlib/softdevice_controller/lib/cortex-m33+nodsp/soft-float/libsoftdevice_controller_s140.a(libsoftdevice_controller_s140_debug_soft__obfuscated.elf)
                0x0000000001006e30                sym_JE272R3HBS6JPKEOTWU6LUGD7QH33BV7DJJJ5YI
 .text          0x0000000001006e44       0x1c /home/devan/Documents/ncs/nrfxlib/softdevice_controller/lib/cortex-m33+nodsp/soft-float/libsoftdevice_controller_s140.a(libsoftdevice_controller_s140_debug_soft__obfuscated.elf)
                0x0000000001006e44                sym_HA7EOSELAQYVMG5UXMJGQLLFEIRQPB7MNOSYOXQ
 .text          0x0000000001006e60       0x78 /home/devan/Documents/ncs/nrfxlib/softdevice_controller/lib/cortex-m33+nodsp/soft-float/libsoftdevice_controller_s140.a(libsoftdevice_controller_s140_debug_soft__obfuscated.elf)
 .text          0x0000000001006ed8       0x14 /home/devan/Documents/ncs/nrfxlib/softdevice_controller/lib/cortex-m33+nodsp/soft-float/libsoftdevice_controller_s140.a(libsoftdevice_controller_s140_debug_soft__obfuscated.elf)
 .text          0x0000000001006eec       0x8c /home/devan/Documents/ncs/nrfxlib/softdevice_controller/lib/cortex-m33+nodsp/soft-float/libsoftdevice_controller_s140.a(libsoftdevice_controller_s140_debug_soft__obfuscated.elf)
 .text          0x0000000001006f78       0x30 /home/devan/Documents/ncs/nrfxlib/softdevice_controller/lib/cortex-m33+nodsp/soft-float/libsoftdevice_controller_s140.a(libsoftdevice_controller_s140_debug_soft__obfuscated.elf)
 .text          0x0000000001006fa8      0x13c /home/devan/Documents/ncs/nrfxlib/softdevice_controller/lib/cortex-m33+nodsp/soft-float/libsoftdevice_controller_s140.a(libsoftdevice_controller_s140_debug_soft__obfuscated.elf)
 .text          0x00000000010070e4       0xb4 /home/devan/Documents/ncs/nrfxlib/softdevice_controller/lib/cortex-m33+nodsp/soft-float/libsoftdevice_controller_s140.a(libsoftdevice_controller_s140_debug_soft__obfuscated.elf)
 .text          0x0000000001007198      0x354 /home/devan/Documents/ncs/nrfxlib/softdevice_controller/lib/cortex-m33+nodsp/soft-float/libsoftdevice_controller_s140.a(libsoftdevice_controller_s140_debug_soft__obfuscated.elf)
 .text          0x00000000010074ec       0x30 /home/devan/Documents/ncs/nrfxlib/softdevice_controller/lib/cortex-m33+nodsp/soft-float/libsoftdevice_controller_s140.a(libsoftdevice_controller_s140_debug_soft__obfuscated.elf)
                0x00000000010074ec                sym_ULQ236TSMK6UJATLJCXSX5JBKSVB4ZM2NNU74PA
 .text          0x000000000100751c       0x14 /home/devan/Documents/ncs/nrfxlib/softdevice_controller/lib/cortex-m33+nodsp/soft-float/libsoftdevice_controller_s140.a(libsoftdevice_controller_s140_debug_soft__obfuscated.elf)
                0x000000000100751c                sym_CZFK26FRDZ53FUV75DOIMFWVD4RTHYB6I22U4LA
 .text          0x0000000001007530       0x10 /home/devan/Documents/ncs/nrfxlib/softdevice_controller/lib/cortex-m33+nodsp/soft-float/libsoftdevice_controller_s140.a(libsoftdevice_controller_s140_debug_soft__obfuscated.elf)
                0x0000000001007530                sym_4OWM6DBJ6JLAWH2MVU52MKC56VOOJLN34T33LQA
 .text          0x0000000001007540      0x250 /home/devan/Documents/ncs/nrfxlib/softdevice_controller/lib/cortex-m33+nodsp/soft-float/libsoftdevice_controller_s140.a(libsoftdevice_controller_s140_debug_soft__obfuscated.elf)
                0x0000000001007540                sym_SQINY6V2VHFAHM5HL3H753H3QE3VQ7FWHCIJ57Q
 .text          0x0000000001007790       0x54 /home/devan/Documents/ncs/nrfxlib/softdevice_controller/lib/cortex-m33+nodsp/soft-float/libsoftdevice_controller_s140.a(libsoftdevice_controller_s140_debug_soft__obfuscated.elf)
                0x0000000001007790                sym_WCN6C6ROB2XGQKTGXN5OMY5TLRX5IYOWNO7A6PQ
 .text          0x00000000010077e4       0x38 /home/devan/Documents/ncs/nrfxlib/softdevice_controller/lib/cortex-m33+nodsp/soft-float/libsoftdevice_controller_s140.a(libsoftdevice_controller_s140_debug_soft__obfuscated.elf)
                0x00000000010077e4                sym_Y7AVZMA56ZL7YUO4EH7QCTNH6P3ZXX2D4F33L2I
 .text          0x000000000100781c        0xc /home/devan/Documents/ncs/nrfxlib/softdevice_controller/lib/cortex-m33+nodsp/soft-float/libsoftdevice_controller_s140.a(libsoftdevice_controller_s140_debug_soft__obfuscated.elf)
                0x000000000100781c                sym_4UMPVHCMNEM5ENBBHCLGXZREGEKKHKHZOKNMH2I
 .text          0x0000000001007828        0xc /home/devan/Documents/ncs/nrfxlib/softdevice_controller/lib/cortex-m33+nodsp/soft-float/libsoftdevice_controller_s140.a(libsoftdevice_controller_s140_debug_soft__obfuscated.elf)
                0x0000000001007828                sym_Q3RLGT2MQM6S4H2ODVJHPDU44HGSYVXJV7676ZY
 .text          0x0000000001007834        0xc /home/devan/Documents/ncs/nrfxlib/softdevice_controller/lib/cortex-m33+nodsp/soft-float/libsoftdevice_controller_s140.a(libsoftdevice_controller_s140_debug_soft__obfuscated.elf)
                0x0000000001007834                sym_IHWHOAENEU2EYZP2UWQTUC6SSXGS5NNQSIFSEAQ
 .text          0x0000000001007840       0x10 /home/devan/Documents/ncs/nrfxlib/softdevice_controller/lib/cortex-m33+nodsp/soft-float/libsoftdevice_controller_s140.a(libsoftdevice_controller_s140_debug_soft__obfuscated.elf)
                0x0000000001007840                sym_ZULXSERCAZOVB2ZZ7BC6764V73TJQV72ZPWILSQ
 .text          0x0000000001007850      0x15c /home/devan/Documents/ncs/nrfxlib/softdevice_controller/lib/cortex-m33+nodsp/soft-float/libsoftdevice_controller_s140.a(libsoftdevice_controller_s140_debug_soft__obfuscated.elf)
                0x0000000001007850                sym_P6ESEOOF3E3ZRYNBCJWJZXMT4EPJJMHF472YBMQ
 .text          0x00000000010079ac      0x304 /home/devan/Documents/ncs/nrfxlib/softdevice_controller/lib/cortex-m33+nodsp/soft-float/libsoftdevice_controller_s140.a(libsoftdevice_controller_s140_debug_soft__obfuscated.elf)
 .text          0x0000000001007cb0       0x18 /home/devan/Documents/ncs/nrfxlib/softdevice_controller/lib/cortex-m33+nodsp/soft-float/libsoftdevice_controller_s140.a(libsoftdevice_controller_s140_debug_soft__obfuscated.elf)
                0x0000000001007cb0                sym_BAUTABQSJLBAZ6GNH7KOF4MJMAA6NF7CDAZNOEQ
 .text          0x0000000001007cc8       0x30 /home/devan/Documents/ncs/nrfxlib/softdevice_controller/lib/cortex-m33+nodsp/soft-float/libsoftdevice_controller_s140.a(libsoftdevice_controller_s140_debug_soft__obfuscated.elf)
                0x0000000001007cc8                sym_62DUXM4M5AM4URNPP7IKDX3NCPAODBT4BMADGAY
 .text          0x0000000001007cf8      0x30c /home/devan/Documents/ncs/nrfxlib/softdevice_controller/lib/cortex-m33+nodsp/soft-float/libsoftdevice_controller_s140.a(libsoftdevice_controller_s140_debug_soft__obfuscated.elf)
                0x0000000001007cf8                sym_GHVM34OXBYILMDKR3F5DVNCQCBMJUJL5PW2RQYQ
 .text          0x0000000001008004      0x3ec /home/devan/Documents/ncs/nrfxlib/softdevice_controller/lib/cortex-m33+nodsp/soft-float/libsoftdevice_controller_s140.a(libsoftdevice_controller_s140_debug_soft__obfuscated.elf)
                0x0000000001008004                sym_JAE5CJ34QIQM34DAKQFWDERFAUN5NXFJM57HRLY
 .text          0x00000000010083f0        0xc /home/devan/Documents/ncs/nrfxlib/softdevice_controller/lib/cortex-m33+nodsp/soft-float/libsoftdevice_controller_s140.a(libsoftdevice_controller_s140_debug_soft__obfuscated.elf)
                0x00000000010083f0                sym_JQOBED6Y6P46KNYF2UD53QPDVNRPPOKMQL6EEBY
 .text          0x00000000010083fc        0xc /home/devan/Documents/ncs/nrfxlib/softdevice_controller/lib/cortex-m33+nodsp/soft-float/libsoftdevice_controller_s140.a(libsoftdevice_controller_s140_debug_soft__obfuscated.elf)
                0x00000000010083fc                sym_WPF5GN3T7F3CCL7OKOL6G2LW47JA44MC6XIU4NQ
 .text          0x0000000001008408      0x16c /home/devan/Documents/ncs/nrfxlib/softdevice_controller/lib/cortex-m33+nodsp/soft-float/libsoftdevice_controller_s140.a(libsoftdevice_controller_s140_debug_soft__obfuscated.elf)
                0x0000000001008408                sym_KO3VCNGABVWM4325342CFFPZBSXFKFARUCMURAY
 .text          0x0000000001008574      0x368 /home/devan/Documents/ncs/nrfxlib/softdevice_controller/lib/cortex-m33+nodsp/soft-float/libsoftdevice_controller_s140.a(libsoftdevice_controller_s140_debug_soft__obfuscated.elf)
                0x0000000001008574                sym_EFQGKM4FX4KOCTBEYNRZUVU5UGVDDD6DFLNBQVY
 .text          0x00000000010088dc      0x3d8 /home/devan/Documents/ncs/nrfxlib/softdevice_controller/lib/cortex-m33+nodsp/soft-float/libsoftdevice_controller_s140.a(libsoftdevice_controller_s140_debug_soft__obfuscated.elf)
                0x00000000010088dc                sym_Z3745JZ5MC4MMBP2LFCOSP7OKPPVFDOPIURJWVQ
 .text          0x0000000001008cb4      0x4e0 /home/devan/Documents/ncs/nrfxlib/softdevice_controller/lib/cortex-m33+nodsp/soft-float/libsoftdevice_controller_s140.a(libsoftdevice_controller_s140_debug_soft__obfuscated.elf)
                0x0000000001008cb4                sym_G6YVAU2J75AOT237PVQAC5AEQMWPZ6OKE6ASZAI
 .text          0x0000000001009194      0x200 /home/devan/Documents/ncs/nrfxlib/softdevice_controller/lib/cortex-m33+nodsp/soft-float/libsoftdevice_controller_s140.a(libsoftdevice_controller_s140_debug_soft__obfuscated.elf)
                0x0000000001009194                sym_FLX2PIIVHO3CLB5CJ7E7YSNFE2YWATNH27BL53A
 .text          0x0000000001009394        0xc /home/devan/Documents/ncs/nrfxlib/softdevice_controller/lib/cortex-m33+nodsp/soft-float/libsoftdevice_controller_s140.a(libsoftdevice_controller_s140_debug_soft__obfuscated.elf)
                0x0000000001009394                sym_R5RFYNEZN3LQHKUKJDN3JLSNHLY4DPKXW3KZMYA
 .text          0x00000000010093a0        0xc /home/devan/Documents/ncs/nrfxlib/softdevice_controller/lib/cortex-m33+nodsp/soft-float/libsoftdevice_controller_s140.a(libsoftdevice_controller_s140_debug_soft__obfuscated.elf)
                0x00000000010093a0                sym_WHSZ4VQHSDNZTVWJWAYGMNU7AWSUZKLKTBUNDPY
 .text          0x00000000010093ac       0x20 /home/devan/Documents/ncs/nrfxlib/softdevice_controller/lib/cortex-m33+nodsp/soft-float/libsoftdevice_controller_s140.a(libsoftdevice_controller_s140_debug_soft__obfuscated.elf)
                0x00000000010093ac                sym_62B4NCI2CQZLPPINCQVCHO6SYLZVDAWVVCHWS3I
 .text          0x00000000010093cc        0xc /home/devan/Documents/ncs/nrfxlib/softdevice_controller/lib/cortex-m33+nodsp/soft-float/libsoftdevice_controller_s140.a(libsoftdevice_controller_s140_debug_soft__obfuscated.elf)
                0x00000000010093cc                sym_RHRHCWPUPZHCOID576WBS7QZ2KAUT2GASS2T3QY
 .text          0x00000000010093d8      0x2fc /home/devan/Documents/ncs/nrfxlib/softdevice_controller/lib/cortex-m33+nodsp/soft-float/libsoftdevice_controller_s140.a(libsoftdevice_controller_s140_debug_soft__obfuscated.elf)
                0x00000000010093d8                sym_QW6JOH7RCJIC2YFNJEURX5QNB5EIQT646EHIWEA
 .text          0x00000000010096d4       0x18 /home/devan/Documents/ncs/nrfxlib/softdevice_controller/lib/cortex-m33+nodsp/soft-float/libsoftdevice_controller_s140.a(libsoftdevice_controller_s140_debug_soft__obfuscated.elf)
                0x00000000010096d4                sym_F2LWAH27IT4H2IA7TZWGNABUCWINGT6MWXH2WIA
 .text          0x00000000010096ec       0x18 /home/devan/Documents/ncs/nrfxlib/softdevice_controller/lib/cortex-m33+nodsp/soft-float/libsoftdevice_controller_s140.a(libsoftdevice_controller_s140_debug_soft__obfuscated.elf)
                0x00000000010096ec                sym_PLOW4TMGVQT52FP2ERNRL6S5EELE2YO563WRPJA
 .text          0x0000000001009704       0x38 /home/devan/Documents/ncs/nrfxlib/softdevice_controller/lib/cortex-m33+nodsp/soft-float/libsoftdevice_controller_s140.a(libsoftdevice_controller_s140_debug_soft__obfuscated.elf)
                0x0000000001009704                sym_YAOI5BW7G2C6EUUY2B4S7A3CWX63A6MP2T3O5KA
 .text          0x000000000100973c       0x44 /home/devan/Documents/ncs/nrfxlib/softdevice_controller/lib/cortex-m33+nodsp/soft-float/libsoftdevice_controller_s140.a(libsoftdevice_controller_s140_debug_soft__obfuscated.elf)
                0x000000000100973c                sym_CMDXCVZHYNPLMTHXOO2UL3QOD6EXLAZP5GS7LRI
 .text          0x0000000001009780       0x14 /home/devan/Documents/ncs/nrfxlib/softdevice_controller/lib/cortex-m33+nodsp/soft-float/libsoftdevice_controller_s140.a(libsoftdevice_controller_s140_debug_soft__obfuscated.elf)
                0x0000000001009780                sym_GKUVQYGVTZ7DKWBNC3M5TXN4XZ4Q6TUJFSFOWBA
 .text          0x0000000001009794        0x4 /home/devan/Documents/ncs/nrfxlib/softdevice_controller/lib/cortex-m33+nodsp/soft-float/libsoftdevice_controller_s140.a(libsoftdevice_controller_s140_debug_soft__obfuscated.elf)
                0x0000000001009794                sym_L5NT4KXGEDXZTIBIF6PJMXWXQJC7UYUXJYCCW3Y
 .text          0x0000000001009798       0x24 /home/devan/Documents/ncs/nrfxlib/softdevice_controller/lib/cortex-m33+nodsp/soft-float/libsoftdevice_controller_s140.a(libsoftdevice_controller_s140_debug_soft__obfuscated.elf)
                0x0000000001009798                sym_IJTA37LCLZMYZVQ3I74HRUK4JDZEZR23VU3JFJI
 .text          0x00000000010097bc      0x128 /home/devan/Documents/ncs/nrfxlib/softdevice_controller/lib/cortex-m33+nodsp/soft-float/libsoftdevice_controller_s140.a(libsoftdevice_controller_s140_debug_soft__obfuscated.elf)
                0x00000000010097bc                sym_NCQ5WTBCV7DGPK3QI3SSY5XGKOI2SE3XFCTKQKY
 .text          0x00000000010098e4       0x68 /home/devan/Documents/ncs/nrfxlib/softdevice_controller/lib/cortex-m33+nodsp/soft-float/libsoftdevice_controller_s140.a(libsoftdevice_controller_s140_debug_soft__obfuscated.elf)
                0x00000000010098e4                sym_ZTNYVYBM2UM3CH2NF2DF4CYN3OTLVACDURSUDOQ
 .text          0x000000000100994c       0x20 /home/devan/Documents/ncs/nrfxlib/softdevice_controller/lib/cortex-m33+nodsp/soft-float/libsoftdevice_controller_s140.a(libsoftdevice_controller_s140_debug_soft__obfuscated.elf)
                0x000000000100994c                sym_NILI2ETYIVMR32XQ6WFMUWXYMXNONBSH2DACBCQ
 .text          0x000000000100996c       0x2c /home/devan/Documents/ncs/nrfxlib/softdevice_controller/lib/cortex-m33+nodsp/soft-float/libsoftdevice_controller_s140.a(libsoftdevice_controller_s140_debug_soft__obfuscated.elf)
                0x000000000100996c                sym_2X6ZBBHQKFJV27I6OQZLD4IRAL5JANEGA5N34WA
 .text          0x0000000001009998       0x4c /home/devan/Documents/ncs/nrfxlib/softdevice_controller/lib/cortex-m33+nodsp/soft-float/libsoftdevice_controller_s140.a(libsoftdevice_controller_s140_debug_soft__obfuscated.elf)
                0x0000000001009998                sym_EV54ITVX6ZJNRIULZTHEWNSCWW5GNYKPCEWELSY
 .text          0x00000000010099e4        0x8 /home/devan/Documents/ncs/nrfxlib/softdevice_controller/lib/cortex-m33+nodsp/soft-float/libsoftdevice_controller_s140.a(libsoftdevice_controller_s140_debug_soft__obfuscated.elf)
                0x00000000010099e4                sym_3Q2UQ65DVTXA3EZPN34QXGGEFSEA6HOSHLFXCMI
 .text          0x00000000010099ec       0x28 /home/devan/Documents/ncs/nrfxlib/softdevice_controller/lib/cortex-m33+nodsp/soft-float/libsoftdevice_controller_s140.a(libsoftdevice_controller_s140_debug_soft__obfuscated.elf)
                0x00000000010099ec                sym_DHR6XELGSD2MHYS7JWGEPSKXD43VLKKJDN33HMA
 .text          0x0000000001009a14       0x1c /home/devan/Documents/ncs/nrfxlib/softdevice_controller/lib/cortex-m33+nodsp/soft-float/libsoftdevice_controller_s140.a(libsoftdevice_controller_s140_debug_soft__obfuscated.elf)
                0x0000000001009a14                sym_GV7ZEDU63KACGR6K3NXW7W7XARTADNTCQ3P2HLA
 .text          0x0000000001009a30       0x20 /home/devan/Documents/ncs/nrfxlib/softdevice_controller/lib/cortex-m33+nodsp/soft-float/libsoftdevice_controller_s140.a(libsoftdevice_controller_s140_debug_soft__obfuscated.elf)
                0x0000000001009a30                sym_QEQGMTIGG3AOZQY7JM4T2FY2O3KM2UFUMT6Q7PI
 .text          0x0000000001009a50      0x324 /home/devan/Documents/ncs/nrfxlib/softdevice_controller/lib/cortex-m33+nodsp/soft-float/libsoftdevice_controller_s140.a(libsoftdevice_controller_s140_debug_soft__obfuscated.elf)
                0x0000000001009a50                sym_3DXBFDJKO3IQEXOOHBMVXVTLDDG5FSS3TKAZNFY
 .text          0x0000000001009d74      0x100 /home/devan/Documents/ncs/nrfxlib/softdevice_controller/lib/cortex-m33+nodsp/soft-float/libsoftdevice_controller_s140.a(libsoftdevice_controller_s140_debug_soft__obfuscated.elf)
 .text          0x0000000001009e74       0x20 /home/devan/Documents/ncs/nrfxlib/softdevice_controller/lib/cortex-m33+nodsp/soft-float/libsoftdevice_controller_s140.a(libsoftdevice_controller_s140_debug_soft__obfuscated.elf)
                0x0000000001009e74                sym_HEY3ASR5MAPRZMQHCLX76ITJZYOQ2OWWQGFPKUQ
 .text          0x0000000001009e94       0x20 /home/devan/Documents/ncs/nrfxlib/softdevice_controller/lib/cortex-m33+nodsp/soft-float/libsoftdevice_controller_s140.a(libsoftdevice_controller_s140_debug_soft__obfuscated.elf)
                0x0000000001009e94                sym_ODIQTAIRDNRDYKCNA6G2YSI7F2EB2RNBBTF6MBQ
 .text          0x0000000001009eb4       0x1c /home/devan/Documents/ncs/nrfxlib/softdevice_controller/lib/cortex-m33+nodsp/soft-float/libsoftdevice_controller_s140.a(libsoftdevice_controller_s140_debug_soft__obfuscated.elf)
                0x0000000001009eb4                sym_3LQGLF52CJLOKQOJSNFVLTD3CW6GGPJMARVGQNQ
 .text          0x0000000001009ed0       0x30 /home/devan/Documents/ncs/nrfxlib/softdevice_controller/lib/cortex-m33+nodsp/soft-float/libsoftdevice_controller_s140.a(libsoftdevice_controller_s140_debug_soft__obfuscated.elf)
                0x0000000001009ed0                sym_UHWWEFDYCEMO6BV2Q3GVLMFC37EIDJEWGQC2XUA
 .text          0x0000000001009f00      0x1d0 /home/devan/Documents/ncs/nrfxlib/softdevice_controller/lib/cortex-m33+nodsp/soft-float/libsoftdevice_controller_s140.a(libsoftdevice_controller_s140_debug_soft__obfuscated.elf)
                0x0000000001009f00                sym_4NT3PFFI5Z6RN57T2HW54HJZ23JEQUTUQPJLJGI
 .text          0x000000000100a0d0      0x1c8 /home/devan/Documents/ncs/nrfxlib/softdevice_controller/lib/cortex-m33+nodsp/soft-float/libsoftdevice_controller_s140.a(libsoftdevice_controller_s140_debug_soft__obfuscated.elf)
                0x000000000100a0d0                sym_I6CP23ODGJWRR4E4LKGCN5RJCVBTXYTDYCCXNSQ
 .text          0x000000000100a298      0x72c /home/devan/Documents/ncs/nrfxlib/softdevice_controller/lib/cortex-m33+nodsp/soft-float/libsoftdevice_controller_s140.a(libsoftdevice_controller_s140_debug_soft__obfuscated.elf)
                0x000000000100a298                sym_LC3ZEWHKON2ISXS533OVI5553RH2RKHRICHPDVA
 .text          0x000000000100a9c4       0x14 /home/devan/Documents/ncs/nrfxlib/softdevice_controller/lib/cortex-m33+nodsp/soft-float/libsoftdevice_controller_s140.a(libsoftdevice_controller_s140_debug_soft__obfuscated.elf)
                0x000000000100a9c4                sym_Y4XP65WNQQGU4IMAAWLFT4VSCMMNNWXZH3FCV5Y
 .text          0x000000000100a9d8       0x44 /home/devan/Documents/ncs/nrfxlib/softdevice_controller/lib/cortex-m33+nodsp/soft-float/libsoftdevice_controller_s140.a(libsoftdevice_controller_s140_debug_soft__obfuscated.elf)
                0x000000000100a9d8                sym_3TFIDXGVC62KMODQ6HTLMSJCJSCBTVKGMWEC7AY
 .text          0x000000000100aa1c       0x68 /home/devan/Documents/ncs/nrfxlib/softdevice_controller/lib/cortex-m33+nodsp/soft-float/libsoftdevice_controller_s140.a(libsoftdevice_controller_s140_debug_soft__obfuscated.elf)
                0x000000000100aa1c                sym_33EXASPJCVGTQTCQK5EBKSNPDNE4NBE7D7W6NSQ
 .text          0x000000000100aa84      0x108 /home/devan/Documents/ncs/nrfxlib/softdevice_controller/lib/cortex-m33+nodsp/soft-float/libsoftdevice_controller_s140.a(libsoftdevice_controller_s140_debug_soft__obfuscated.elf)
                0x000000000100aa84                sym_J5GU2YSZI45UA3YHIJMMX6SWAYPKQ5HXJLXKPXY
 .text          0x000000000100ab8c       0xa8 /home/devan/Documents/ncs/nrfxlib/softdevice_controller/lib/cortex-m33+nodsp/soft-float/libsoftdevice_controller_s140.a(libsoftdevice_controller_s140_debug_soft__obfuscated.elf)
                0x000000000100ab8c                sym_35JWAFJL2IEYRDNORVIQ7BBAS7FQNUVOFCLQNSQ
 .text          0x000000000100ac34       0x20 /home/devan/Documents/ncs/nrfxlib/softdevice_controller/lib/cortex-m33+nodsp/soft-float/libsoftdevice_controller_s140.a(libsoftdevice_controller_s140_debug_soft__obfuscated.elf)
                0x000000000100ac34                sym_C5MZWIO7BXLJIO65K7CGSHP3SLST2VORSHVBOVI
 .text          0x000000000100ac54      0x148 /home/devan/Documents/ncs/nrfxlib/softdevice_controller/lib/cortex-m33+nodsp/soft-float/libsoftdevice_controller_s140.a(libsoftdevice_controller_s140_debug_soft__obfuscated.elf)
                0x000000000100ac54                sym_L64WJ6W52HQBFQCTPO5LHELOWQEJNMIWLQKG6JY
 .text          0x000000000100ad9c       0x64 /home/devan/Documents/ncs/nrfxlib/softdevice_controller/lib/cortex-m33+nodsp/soft-float/libsoftdevice_controller_s140.a(libsoftdevice_controller_s140_debug_soft__obfuscated.elf)
                0x000000000100ad9c                sym_ATHPLOWBGAIKG7V5SSPNEEN27AC3OGL2HEWE4II
 .text          0x000000000100ae00       0x20 /home/devan/Documents/ncs/nrfxlib/softdevice_controller/lib/cortex-m33+nodsp/soft-float/libsoftdevice_controller_s140.a(libsoftdevice_controller_s140_debug_soft__obfuscated.elf)
                0x000000000100ae00                sym_J22YCCWNUNOSXHAJQUUQAO7YZP2SNXLIWISZVHI
 .text          0x000000000100ae20      0x104 /home/devan/Documents/ncs/nrfxlib/softdevice_controller/lib/cortex-m33+nodsp/soft-float/libsoftdevice_controller_s140.a(libsoftdevice_controller_s140_debug_soft__obfuscated.elf)
                0x000000000100ae20                sym_76SF2THVWBBVUHDFLIXMTXOYE2LFAIMVFAFT26I
 .text          0x000000000100af24       0x48 /home/devan/Documents/ncs/nrfxlib/softdevice_controller/lib/cortex-m33+nodsp/soft-float/libsoftdevice_controller_s140.a(libsoftdevice_controller_s140_debug_soft__obfuscated.elf)
                0x000000000100af24                sym_K4XFYUFHWSS4WLYRDTKOJ7STOPYHBKAJBCXHBBY
 .text          0x000000000100af6c       0x28 /home/devan/Documents/ncs/nrfxlib/softdevice_controller/lib/cortex-m33+nodsp/soft-float/libsoftdevice_controller_s140.a(libsoftdevice_controller_s140_debug_soft__obfuscated.elf)
                0x000000000100af6c                sym_75VOI5ZNFW3OXMHUCY2QF6IZX2BBZSQKA7XVCPQ
 .text          0x000000000100af94       0x4c /home/devan/Documents/ncs/nrfxlib/softdevice_controller/lib/cortex-m33+nodsp/soft-float/libsoftdevice_controller_s140.a(libsoftdevice_controller_s140_debug_soft__obfuscated.elf)
                0x000000000100af94                sym_CMGYAOMYUJOSH7VMLD3ENK3VLSIPR3DVYN2F44Y
 .text          0x000000000100afe0        0x8 /home/devan/Documents/ncs/nrfxlib/softdevice_controller/lib/cortex-m33+nodsp/soft-float/libsoftdevice_controller_s140.a(libsoftdevice_controller_s140_debug_soft__obfuscated.elf)
                0x000000000100afe0                sym_6NROXJNXJONASXBRH4ZGPEEQ42PSH3YLRTC74GQ
 .text          0x000000000100afe8       0x1c /home/devan/Documents/ncs/nrfxlib/softdevice_controller/lib/cortex-m33+nodsp/soft-float/libsoftdevice_controller_s140.a(libsoftdevice_controller_s140_debug_soft__obfuscated.elf)
                0x000000000100afe8                sym_FRDCUWW6PTM2YTBQLG5XNT6WJGPFH2XWEMJXJRI
 .text          0x000000000100b004      0x190 /home/devan/Documents/ncs/nrfxlib/softdevice_controller/lib/cortex-m33+nodsp/soft-float/libsoftdevice_controller_s140.a(libsoftdevice_controller_s140_debug_soft__obfuscated.elf)
                0x000000000100b004                sym_ZX776SCJSI3JTFST57XOZBXAMGDDC7FRRHZEJ7Q
 .text          0x000000000100b194       0x14 /home/devan/Documents/ncs/nrfxlib/softdevice_controller/lib/cortex-m33+nodsp/soft-float/libsoftdevice_controller_s140.a(libsoftdevice_controller_s140_debug_soft__obfuscated.elf)
                0x000000000100b194                sym_N7ZC3LBWUJOAILVKSQ7VVQPJVGTFQ2IN2TKPVHQ
 .text          0x000000000100b1a8       0xb0 /home/devan/Documents/ncs/nrfxlib/softdevice_controller/lib/cortex-m33+nodsp/soft-float/libsoftdevice_controller_s140.a(libsoftdevice_controller_s140_debug_soft__obfuscated.elf)
                0x000000000100b1a8                sym_HFTBXB6EEVTEA6UN46QA3JCUQXJQH6HCG5AJGRQ
 .text          0x000000000100b258       0x44 /home/devan/Documents/ncs/nrfxlib/softdevice_controller/lib/cortex-m33+nodsp/soft-float/libsoftdevice_controller_s140.a(libsoftdevice_controller_s140_debug_soft__obfuscated.elf)
                0x000000000100b258                sym_CB3FDFEUY3F2NWFVYZOUMB3I5QKHLDIUWWP26EA
 .text          0x000000000100b29c       0x34 /home/devan/Documents/ncs/nrfxlib/softdevice_controller/lib/cortex-m33+nodsp/soft-float/libsoftdevice_controller_s140.a(libsoftdevice_controller_s140_debug_soft__obfuscated.elf)
                0x000000000100b29c                sym_F34BIG3DAVATN4IHLYJVG2XLJOWOK44SMOC6AUI
 .text          0x000000000100b2d0       0x40 /home/devan/Documents/ncs/nrfxlib/softdevice_controller/lib/cortex-m33+nodsp/soft-float/libsoftdevice_controller_s140.a(libsoftdevice_controller_s140_debug_soft__obfuscated.elf)
                0x000000000100b2d0                sym_QOK2KYWK62QNZBQRPK2GPAU2IEJXSELK32IAUUA
 .text          0x000000000100b310       0x30 /home/devan/Documents/ncs/nrfxlib/softdevice_controller/lib/cortex-m33+nodsp/soft-float/libsoftdevice_controller_s140.a(libsoftdevice_controller_s140_debug_soft__obfuscated.elf)
                0x000000000100b310                sym_DSAIJDVMFSSNYDQYP4G3W4ZBYTG4PAWPSVOBJ2Y
 .text          0x000000000100b340       0x24 /home/devan/Documents/ncs/nrfxlib/softdevice_controller/lib/cortex-m33+nodsp/soft-float/libsoftdevice_controller_s140.a(libsoftdevice_controller_s140_debug_soft__obfuscated.elf)
                0x000000000100b340                sym_3GY4TYJRRJL4WNFV6XN3ATYT4MIF4FYTN3S33RI
 .text          0x000000000100b364       0x14 /home/devan/Documents/ncs/nrfxlib/softdevice_controller/lib/cortex-m33+nodsp/soft-float/libsoftdevice_controller_s140.a(libsoftdevice_controller_s140_debug_soft__obfuscated.elf)
                0x000000000100b364                sym_NREHYZNNGMA6T4VUMP47EJMM5IU7BRHAZURXRLQ
 .text          0x000000000100b378       0x28 /home/devan/Documents/ncs/nrfxlib/softdevice_controller/lib/cortex-m33+nodsp/soft-float/libsoftdevice_controller_s140.a(libsoftdevice_controller_s140_debug_soft__obfuscated.elf)
                0x000000000100b378                sym_XDZ2OHWEUBVVDKEXHUYEULKMIZVRQ77QI2ENP4A
 .text          0x000000000100b3a0       0x14 /home/devan/Documents/ncs/nrfxlib/softdevice_controller/lib/cortex-m33+nodsp/soft-float/libsoftdevice_controller_s140.a(libsoftdevice_controller_s140_debug_soft__obfuscated.elf)
                0x000000000100b3a0                sym_5SQGEOI2QIBONU3LMZVAMW3SSGU24TVE57VDLBA
 .text          0x000000000100b3b4       0x28 /home/devan/Documents/ncs/nrfxlib/softdevice_controller/lib/cortex-m33+nodsp/soft-float/libsoftdevice_controller_s140.a(libsoftdevice_controller_s140_debug_soft__obfuscated.elf)
                0x000000000100b3b4                sym_MKMKL77LAUBQ4JEH6ZOP4C62SMTD4ERFZLWH4JI
 .text          0x000000000100b3dc       0x28 /home/devan/Documents/ncs/nrfxlib/softdevice_controller/lib/cortex-m33+nodsp/soft-float/libsoftdevice_controller_s140.a(libsoftdevice_controller_s140_debug_soft__obfuscated.elf)
                0x000000000100b3dc                sym_OTIPANP3Q7VLW2BQGLZZUUDNR5HBSAYXJSFAKKA
 .text          0x000000000100b404       0x1c /home/devan/Documents/ncs/nrfxlib/softdevice_controller/lib/cortex-m33+nodsp/soft-float/libsoftdevice_controller_s140.a(libsoftdevice_controller_s140_debug_soft__obfuscated.elf)